Archive member included to satisfy reference by file (symbol)

C:/ST/STM32CubeIDE_1.13.2/STM32CubeIDE/plugins/com.st.stm32cube.ide.mcu.externaltools.gnu-tools-for-stm32.11.3.rel1.win32_1.1.1.202309131626/tools/bin/../lib/gcc/arm-none-eabi/11.3.1/../../../../arm-none-eabi/lib/thumb/v7-m/nofp\libc_nano.a(libc_a-atoi.o)
                              ./ioLibrary_Driver/Internet/FTPClient/ftpc.o (atoi)
C:/ST/STM32CubeIDE_1.13.2/STM32CubeIDE/plugins/com.st.stm32cube.ide.mcu.externaltools.gnu-tools-for-stm32.11.3.rel1.win32_1.1.1.202309131626/tools/bin/../lib/gcc/arm-none-eabi/11.3.1/../../../../arm-none-eabi/lib/thumb/v7-m/nofp\libc_nano.a(libc_a-exit.o)
                              C:/ST/STM32CubeIDE_1.13.2/STM32CubeIDE/plugins/com.st.stm32cube.ide.mcu.externaltools.gnu-tools-for-stm32.11.3.rel1.win32_1.1.1.202309131626/tools/bin/../lib/gcc/arm-none-eabi/11.3.1/../../../../arm-none-eabi/lib/thumb/v7-m/nofp/crt0.o (exit)
C:/ST/STM32CubeIDE_1.13.2/STM32CubeIDE/plugins/com.st.stm32cube.ide.mcu.externaltools.gnu-tools-for-stm32.11.3.rel1.win32_1.1.1.202309131626/tools/bin/../lib/gcc/arm-none-eabi/11.3.1/../../../../arm-none-eabi/lib/thumb/v7-m/nofp\libc_nano.a(libc_a-malloc.o)
                              ./ioLibrary_Driver/Internet/httpServer/httpServer.o (malloc)
C:/ST/STM32CubeIDE_1.13.2/STM32CubeIDE/plugins/com.st.stm32cube.ide.mcu.externaltools.gnu-tools-for-stm32.11.3.rel1.win32_1.1.1.202309131626/tools/bin/../lib/gcc/arm-none-eabi/11.3.1/../../../../arm-none-eabi/lib/thumb/v7-m/nofp\libc_nano.a(libc_a-mallocr.o)
                              C:/ST/STM32CubeIDE_1.13.2/STM32CubeIDE/plugins/com.st.stm32cube.ide.mcu.externaltools.gnu-tools-for-stm32.11.3.rel1.win32_1.1.1.202309131626/tools/bin/../lib/gcc/arm-none-eabi/11.3.1/../../../../arm-none-eabi/lib/thumb/v7-m/nofp\libc_nano.a(libc_a-malloc.o) (_malloc_r)
C:/ST/STM32CubeIDE_1.13.2/STM32CubeIDE/plugins/com.st.stm32cube.ide.mcu.externaltools.gnu-tools-for-stm32.11.3.rel1.win32_1.1.1.202309131626/tools/bin/../lib/gcc/arm-none-eabi/11.3.1/../../../../arm-none-eabi/lib/thumb/v7-m/nofp\libc_nano.a(libc_a-mlock.o)
                              C:/ST/STM32CubeIDE_1.13.2/STM32CubeIDE/plugins/com.st.stm32cube.ide.mcu.externaltools.gnu-tools-for-stm32.11.3.rel1.win32_1.1.1.202309131626/tools/bin/../lib/gcc/arm-none-eabi/11.3.1/../../../../arm-none-eabi/lib/thumb/v7-m/nofp\libc_nano.a(libc_a-mallocr.o) (__malloc_lock)
C:/ST/STM32CubeIDE_1.13.2/STM32CubeIDE/plugins/com.st.stm32cube.ide.mcu.externaltools.gnu-tools-for-stm32.11.3.rel1.win32_1.1.1.202309131626/tools/bin/../lib/gcc/arm-none-eabi/11.3.1/../../../../arm-none-eabi/lib/thumb/v7-m/nofp\libc_nano.a(libc_a-strtol.o)
                              C:/ST/STM32CubeIDE_1.13.2/STM32CubeIDE/plugins/com.st.stm32cube.ide.mcu.externaltools.gnu-tools-for-stm32.11.3.rel1.win32_1.1.1.202309131626/tools/bin/../lib/gcc/arm-none-eabi/11.3.1/../../../../arm-none-eabi/lib/thumb/v7-m/nofp\libc_nano.a(libc_a-atoi.o) (_strtol_r)
C:/ST/STM32CubeIDE_1.13.2/STM32CubeIDE/plugins/com.st.stm32cube.ide.mcu.externaltools.gnu-tools-for-stm32.11.3.rel1.win32_1.1.1.202309131626/tools/bin/../lib/gcc/arm-none-eabi/11.3.1/../../../../arm-none-eabi/lib/thumb/v7-m/nofp\libc_nano.a(libc_a-ctype_.o)
                              ./ioLibrary_Driver/Internet/FTPServer/ftpd.o (_ctype_)
C:/ST/STM32CubeIDE_1.13.2/STM32CubeIDE/plugins/com.st.stm32cube.ide.mcu.externaltools.gnu-tools-for-stm32.11.3.rel1.win32_1.1.1.202309131626/tools/bin/../lib/gcc/arm-none-eabi/11.3.1/../../../../arm-none-eabi/lib/thumb/v7-m/nofp\libc_nano.a(libc_a-nano-vfprintf_float.o)
                              (_printf_float)
C:/ST/STM32CubeIDE_1.13.2/STM32CubeIDE/plugins/com.st.stm32cube.ide.mcu.externaltools.gnu-tools-for-stm32.11.3.rel1.win32_1.1.1.202309131626/tools/bin/../lib/gcc/arm-none-eabi/11.3.1/../../../../arm-none-eabi/lib/thumb/v7-m/nofp\libc_nano.a(libc_a-nano-vfprintf_i.o)
                              C:/ST/STM32CubeIDE_1.13.2/STM32CubeIDE/plugins/com.st.stm32cube.ide.mcu.externaltools.gnu-tools-for-stm32.11.3.rel1.win32_1.1.1.202309131626/tools/bin/../lib/gcc/arm-none-eabi/11.3.1/../../../../arm-none-eabi/lib/thumb/v7-m/nofp\libc_nano.a(libc_a-nano-vfprintf_float.o) (_printf_common)
C:/ST/STM32CubeIDE_1.13.2/STM32CubeIDE/plugins/com.st.stm32cube.ide.mcu.externaltools.gnu-tools-for-stm32.11.3.rel1.win32_1.1.1.202309131626/tools/bin/../lib/gcc/arm-none-eabi/11.3.1/../../../../arm-none-eabi/lib/thumb/v7-m/nofp\libc_nano.a(libc_a-findfp.o)
                              C:/ST/STM32CubeIDE_1.13.2/STM32CubeIDE/plugins/com.st.stm32cube.ide.mcu.externaltools.gnu-tools-for-stm32.11.3.rel1.win32_1.1.1.202309131626/tools/bin/../lib/gcc/arm-none-eabi/11.3.1/../../../../arm-none-eabi/lib/thumb/v7-m/nofp\libc_nano.a(libc_a-exit.o) (__stdio_exit_handler)
[...]
Memory Configuration

Name             Origin             Length             Attributes
RAM              0x0000000020000000 0x0000000000005000 xrw
FLASH            0x0000000008000000 0x0000000000020000 xr
*default*        0x0000000000000000 0xffffffffffffffff

Linker script and memory map

LOAD C:/ST/STM32CubeIDE_1.13.2/STM32CubeIDE/plugins/com.st.stm32cube.ide.mcu.externaltools.gnu-tools-for-stm32.11.3.rel1.win32_1.1.1.202309131626/tools/bin/../lib/gcc/arm-none-eabi/11.3.1/thumb/v7-m/nofp/crti.o
LOAD C:/ST/STM32CubeIDE_1.13.2/STM32CubeIDE/plugins/com.st.stm32cube.ide.mcu.externaltools.gnu-tools-for-stm32.11.3.rel1.win32_1.1.1.202309131626/tools/bin/../lib/gcc/arm-none-eabi/11.3.1/thumb/v7-m/nofp/crtbegin.o
LOAD C:/ST/STM32CubeIDE_1.13.2/STM32CubeIDE/plugins/com.st.stm32cube.ide.mcu.externaltools.gnu-tools-for-stm32.11.3.rel1.win32_1.1.1.202309131626/tools/bin/../lib/gcc/arm-none-eabi/11.3.1/../../../../arm-none-eabi/lib/thumb/v7-m/nofp/crt0.o
LOAD ./Core/Src/gpio.o
LOAD ./Core/Src/main.o
LOAD ./Core/Src/spi.o
LOAD ./Core/Src/stm32f1xx_hal_msp.o
LOAD ./Core/Src/stm32f1xx_it.o
LOAD ./Core/Src/syscalls.o
LOAD ./Core/Src/sysmem.o
LOAD ./Core/Src/system_stm32f1xx.o
LOAD ./Core/Src/usart.o
LOAD ./Core/Startup/startup_stm32f103rbtx.o
LOAD ./Drivers/STM32F1xx_HAL_Driver/Src/stm32f1xx_hal.o
LOAD ./Drivers/STM32F1xx_HAL_Driver/Src/stm32f1xx_hal_cortex.o
LOAD ./Drivers/STM32F1xx_HAL_Driver/Src/stm32f1xx_hal_dma.o
LOAD ./Drivers/STM32F1xx_HAL_Driver/Src/stm32f1xx_hal_exti.o
LOAD ./Drivers/STM32F1xx_HAL_Driver/Src/stm32f1xx_hal_flash.o
LOAD ./Drivers/STM32F1xx_HAL_Driver/Src/stm32f1xx_hal_flash_ex.o
LOAD ./Drivers/STM32F1xx_HAL_Driver/Src/stm32f1xx_hal_gpio.o
LOAD ./Drivers/STM32F1xx_HAL_Driver/Src/stm32f1xx_hal_gpio_ex.o
LOAD ./Drivers/STM32F1xx_HAL_Driver/Src/stm32f1xx_hal_pwr.o
LOAD ./Drivers/STM32F1xx_HAL_Driver/Src/stm32f1xx_hal_rcc.o
LOAD ./Drivers/STM32F1xx_HAL_Driver/Src/stm32f1xx_hal_rcc_ex.o
LOAD ./Drivers/STM32F1xx_HAL_Driver/Src/stm32f1xx_hal_spi.o
LOAD ./Drivers/STM32F1xx_HAL_Driver/Src/stm32f1xx_hal_tim.o
LOAD ./Drivers/STM32F1xx_HAL_Driver/Src/stm32f1xx_hal_tim_ex.o
LOAD ./Drivers/STM32F1xx_HAL_Driver/Src/stm32f1xx_hal_uart.o
LOAD ./Drivers/wiznet/w5500_spi.o
LOAD ./ioLibrary_Driver/Application/loopback/loopback.o
LOAD ./ioLibrary_Driver/Application/multicast/multicast.o
LOAD ./ioLibrary_Driver/Ethernet/W5100/w5100.o
LOAD ./ioLibrary_Driver/Ethernet/W5100S/w5100s.o
LOAD ./ioLibrary_Driver/Ethernet/W5200/w5200.o
LOAD ./ioLibrary_Driver/Ethernet/W5300/w5300.o
LOAD ./ioLibrary_Driver/Ethernet/W5500/w5500.o
LOAD ./ioLibrary_Driver/Ethernet/socket.o
LOAD ./ioLibrary_Driver/Ethernet/wizchip_conf.o
LOAD ./ioLibrary_Driver/Internet/DHCP/dhcp.o
LOAD ./ioLibrary_Driver/Internet/DNS/dns.o
LOAD ./ioLibrary_Driver/Internet/FTPClient/ftpc.o
LOAD ./ioLibrary_Driver/Internet/FTPServer/ftpd.o
LOAD ./ioLibrary_Driver/Internet/MQTT/MQTTClient.o
LOAD ./ioLibrary_Driver/Internet/MQTT/mqtt_interface.o
LOAD ./ioLibrary_Driver/Internet/MQTT/MQTTPacket/src/MQTTConnectClient.o
LOAD ./ioLibrary_Driver/Internet/MQTT/MQTTPacket/src/MQTTConnectServer.o
LOAD ./ioLibrary_Driver/Internet/MQTT/MQTTPacket/src/MQTTDeserializePublish.o
LOAD ./ioLibrary_Driver/Internet/MQTT/MQTTPacket/src/MQTTFormat.o
LOAD ./ioLibrary_Driver/Internet/MQTT/MQTTPacket/src/MQTTPacket.o
LOAD ./ioLibrary_Driver/Internet/MQTT/MQTTPacket/src/MQTTSerializePublish.o
LOAD ./ioLibrary_Driver/Internet/MQTT/MQTTPacket/src/MQTTSubscribeClient.o
LOAD ./ioLibrary_Driver/Internet/MQTT/MQTTPacket/src/MQTTSubscribeServer.o
LOAD ./ioLibrary_Driver/Internet/MQTT/MQTTPacket/src/MQTTUnsubscribeClient.o
LOAD ./ioLibrary_Driver/Internet/MQTT/MQTTPacket/src/MQTTUnsubscribeServer.o
LOAD ./ioLibrary_Driver/Internet/SNMP/snmp.o
LOAD ./ioLibrary_Driver/Internet/SNMP/snmp_custom.o
LOAD ./ioLibrary_Driver/Internet/SNTP/sntp.o
LOAD ./ioLibrary_Driver/Internet/TFTP/netutil.o
LOAD ./ioLibrary_Driver/Internet/TFTP/tftp.o
LOAD ./ioLibrary_Driver/Internet/httpServer/httpParser.o
LOAD ./ioLibrary_Driver/Internet/httpServer/httpServer.o
LOAD ./ioLibrary_Driver/Internet/httpServer/httpUtil.o
START GROUP
LOAD C:/ST/STM32CubeIDE_1.13.2/STM32CubeIDE/plugins/com.st.stm32cube.ide.mcu.externaltools.gnu-tools-for-stm32.11.3.rel1.win32_1.1.1.202309131626/tools/bin/../lib/gcc/arm-none-eabi/11.3.1/../../../../arm-none-eabi/lib/thumb/v7-m/nofp\libc_nano.a
LOAD C:/ST/STM32CubeIDE_1.13.2/STM32CubeIDE/plugins/com.st.stm32cube.ide.mcu.externaltools.gnu-tools-for-stm32.11.3.rel1.win32_1.1.1.202309131626/tools/bin/../lib/gcc/arm-none-eabi/11.3.1/../../../../arm-none-eabi/lib/thumb/v7-m/nofp\libm.a
END GROUP
START GROUP
LOAD C:/ST/STM32CubeIDE_1.13.2/STM32CubeIDE/plugins/com.st.stm32cube.ide.mcu.externaltools.gnu-tools-for-stm32.11.3.rel1.win32_1.1.1.202309131626/tools/bin/../lib/gcc/arm-none-eabi/11.3.1/thumb/v7-m/nofp\libgcc.a
LOAD C:/ST/STM32CubeIDE_1.13.2/STM32CubeIDE/plugins/com.st.stm32cube.ide.mcu.externaltools.gnu-tools-for-stm32.11.3.rel1.win32_1.1.1.202309131626/tools/bin/../lib/gcc/arm-none-eabi/11.3.1/../../../../arm-none-eabi/lib/thumb/v7-m/nofp\libc_nano.a
END GROUP
START GROUP
LOAD C:/ST/STM32CubeIDE_1.13.2/STM32CubeIDE/plugins/com.st.stm32cube.ide.mcu.externaltools.gnu-tools-for-stm32.11.3.rel1.win32_1.1.1.202309131626/tools/bin/../lib/gcc/arm-none-eabi/11.3.1/thumb/v7-m/nofp\libgcc.a
LOAD C:/ST/STM32CubeIDE_1.13.2/STM32CubeIDE/plugins/com.st.stm32cube.ide.mcu.externaltools.gnu-tools-for-stm32.11.3.rel1.win32_1.1.1.202309131626/tools/bin/../lib/gcc/arm-none-eabi/11.3.1/../../../../arm-none-eabi/lib/thumb/v7-m/nofp\libc_nano.a
LOAD C:/ST/STM32CubeIDE_1.13.2/STM32CubeIDE/plugins/com.st.stm32cube.ide.mcu.externaltools.gnu-tools-for-stm32.11.3.rel1.win32_1.1.1.202309131626/tools/bin/../lib/gcc/arm-none-eabi/11.3.1/../../../../arm-none-eabi/lib/thumb/v7-m/nofp\libnosys.a
END GROUP
START GROUP
LOAD C:/ST/STM32CubeIDE_1.13.2/STM32CubeIDE/plugins/com.st.stm32cube.ide.mcu.externaltools.gnu-tools-for-stm32.11.3.rel1.win32_1.1.1.202309131626/tools/bin/../lib/gcc/arm-none-eabi/11.3.1/thumb/v7-m/nofp\libgcc.a
LOAD C:/ST/STM32CubeIDE_1.13.2/STM32CubeIDE/plugins/com.st.stm32cube.ide.mcu.externaltools.gnu-tools-for-stm32.11.3.rel1.win32_1.1.1.202309131626/tools/bin/../lib/gcc/arm-none-eabi/11.3.1/../../../../arm-none-eabi/lib/thumb/v7-m/nofp\libc_nano.a
LOAD C:/ST/STM32CubeIDE_1.13.2/STM32CubeIDE/plugins/com.st.stm32cube.ide.mcu.externaltools.gnu-tools-for-stm32.11.3.rel1.win32_1.1.1.202309131626/tools/bin/../lib/gcc/arm-none-eabi/11.3.1/../../../../arm-none-eabi/lib/thumb/v7-m/nofp\libnosys.a
END GROUP
LOAD C:/ST/STM32CubeIDE_1.13.2/STM32CubeIDE/plugins/com.st.stm32cube.ide.mcu.externaltools.gnu-tools-for-stm32.11.3.rel1.win32_1.1.1.202309131626/tools/bin/../lib/gcc/arm-none-eabi/11.3.1/thumb/v7-m/nofp/crtend.o
LOAD C:/ST/STM32CubeIDE_1.13.2/STM32CubeIDE/plugins/com.st.stm32cube.ide.mcu.externaltools.gnu-tools-for-stm32.11.3.rel1.win32_1.1.1.202309131626/tools/bin/../lib/gcc/arm-none-eabi/11.3.1/thumb/v7-m/nofp/crtn.o
                0x0000000020005000                _estack = (ORIGIN (RAM) + LENGTH (RAM))
                0x0000000000000200                _Min_Heap_Size = 0x200
                0x0000000000000400                _Min_Stack_Size = 0x400

.isr_vector     0x0000000008000000      0x10c
                0x0000000008000000                . = ALIGN (0x4)
 *(.isr_vector)
 .isr_vector    0x0000000008000000      0x10c ./Core/Startup/startup_stm32f103rbtx.o
                0x0000000008000000                g_pfnVectors
                0x000000000800010c                . = ALIGN (0x4)

.text           0x0000000008000110     0xa444
                0x0000000008000110                . = ALIGN (0x4)
 *(.text)
 .text          0x0000000008000110       0x40 C:/ST/STM32CubeIDE_1.13.2/STM32CubeIDE/plugins/com.st.stm32cube.ide.mcu.externaltools.gnu-tools-for-stm32.11.3.rel1.win32_1.1.1.202309131626/tools/bin/../lib/gcc/arm-none-eabi/11.3.1/thumb/v7-m/nofp/crtbegin.o
 .text          0x0000000008000150       0x10 C:/ST/STM32CubeIDE_1.13.2/STM32CubeIDE/plugins/com.st.stm32cube.ide.mcu.externaltools.gnu-tools-for-stm32.11.3.rel1.win32_1.1.1.202309131626/tools/bin/../lib/gcc/arm-none-eabi/11.3.1/../../../../arm-none-eabi/lib/thumb/v7-m/nofp\libc_nano.a(libc_a-strlen.o)
                0x0000000008000150                strlen
 .text          0x0000000008000160      0x378 C:/ST/STM32CubeIDE_1.13.2/STM32CubeIDE/plugins/com.st.stm32cube.ide.mcu.externaltools.gnu-tools-for-stm32.11.3.rel1.win32_1.1.1.202309131626/tools/bin/../lib/gcc/arm-none-eabi/11.3.1/thumb/v7-m/nofp\libgcc.a(_arm_addsubdf3.o)
                0x0000000008000160                __aeabi_drsub
                0x0000000008000168                __aeabi_dsub
                0x0000000008000168                __subdf3
                0x000000000800016c                __aeabi_dadd
                0x000000000800016c                __adddf3
                0x00000000080003e4                __floatunsidf
                0x00000000080003e4                __aeabi_ui2d
                0x0000000008000404                __floatsidf
                0x0000000008000404                __aeabi_i2d
                0x0000000008000428                __aeabi_f2d
                0x0000000008000428                __extendsfdf2
                0x000000000800046c                __floatundidf
                0x000000000800046c                __aeabi_ul2d
                0x000000000800047c                __floatdidf
                0x000000000800047c                __aeabi_l2d
 .text          0x00000000080004d8      0x424 C:/ST/STM32CubeIDE_1.13.2/STM32CubeIDE/plugins/com.st.stm32cube.ide.mcu.externaltools.gnu-tools-for-stm32.11.3.rel1.win32_1.1.1.202309131626/tools/bin/../lib/gcc/arm-none-eabi/11.3.1/thumb/v7-m/nofp\libgcc.a(_arm_muldivdf3.o)
                0x00000000080004d8                __aeabi_dmul
                0x00000000080004d8                __muldf3
                0x000000000800072c                __divdf3
                0x000000000800072c                __aeabi_ddiv
 .text          0x00000000080008fc      0x110 C:/ST/STM32CubeIDE_1.13.2/STM32CubeIDE/plugins/com.st.stm32cube.ide.mcu.externaltools.gnu-tools-for-stm32.11.3.rel1.win32_1.1.1.202309131626/tools/bin/../lib/gcc/arm-none-eabi/11.3.1/thumb/v7-m/nofp\libgcc.a(_arm_cmpdf2.o)
                0x00000000080008fc                __gtdf2
                0x00000000080008fc                __gedf2
                0x0000000008000904                __ltdf2
                0x0000000008000904                __ledf2
                0x000000000800090c                __nedf2
                0x000000000800090c                __eqdf2
                0x000000000800090c                __cmpdf2
                0x0000000008000988                __aeabi_cdrcmple
                0x0000000008000998                __aeabi_cdcmpeq
                0x0000000008000998                __aeabi_cdcmple
                0x00000000080009a8                __aeabi_dcmpeq
                0x00000000080009bc                __aeabi_dcmplt
                0x00000000080009d0                __aeabi_dcmple
                0x00000000080009e4                __aeabi_dcmpge
                0x00000000080009f8                __aeabi_dcmpgt
 .text          0x0000000008000a0c       0x2c C:/ST/STM32CubeIDE_1.13.2/STM32CubeIDE/plugins/com.st.stm32cube.ide.mcu.externaltools.gnu-tools-for-stm32.11.3.rel1.win32_1.1.1.202309131626/tools/bin/../lib/gcc/arm-none-eabi/11.3.1/thumb/v7-m/nofp\libgcc.a(_arm_unorddf2.o)
                0x0000000008000a0c                __unorddf2
                0x0000000008000a0c                __aeabi_dcmpun
 .text          0x0000000008000a38       0x50 C:/ST/STM32CubeIDE_1.13.2/STM32CubeIDE/plugins/com.st.stm32cube.ide.mcu.externaltools.gnu-tools-for-stm32.11.3.rel1.win32_1.1.1.202309131626/tools/bin/../lib/gcc/arm-none-eabi/11.3.1/thumb/v7-m/nofp\libgcc.a(_arm_fixdfsi.o)
                0x0000000008000a38                __aeabi_d2iz
                0x0000000008000a38                __fixdfsi
 *(.text*)
 .text.MX_GPIO_Init
                0x0000000008000a88       0xec ./Core/Src/gpio.o
                0x0000000008000a88                MX_GPIO_Init
 .text.__io_putchar
                0x0000000008000b74       0x24 ./Core/Src/main.o
                0x0000000008000b74                __io_putchar
 .text.main     0x0000000008000b98       0xa8 ./Core/Src/main.o
                0x0000000008000b98                main
 .text.SystemClock_Config
                0x0000000008000c40       0x82 ./Core/Src/main.o
                0x0000000008000c40                SystemClock_Config
 *fill*         0x0000000008000cc2        0x2 
 .text.HAL_UART_RxCpltCallback
                0x0000000008000cc4       0x54 ./Core/Src/main.o
                0x0000000008000cc4                HAL_UART_RxCpltCallback
 .text.MQTT_run
                0x0000000008000d18      0x1c0 ./Core/Src/main.o
                0x0000000008000d18                MQTT_run
 .text.print_network_information
                0x0000000008000ed8       0xe8 ./Core/Src/main.o
                0x0000000008000ed8                print_network_information
 .text.messageArrived
                0x0000000008000fc0       0xc0 ./Core/Src/main.o
                0x0000000008000fc0                messageArrived
 .text.Error_Handler
                0x0000000008001080        0xa ./Core/Src/main.o
                0x0000000008001080                Error_Handler
 *fill*         0x000000000800108a        0x2 
 .text.MX_SPI2_Init
                0x000000000800108c       0x6c ./Core/Src/spi.o
                0x000000000800108c                MX_SPI2_Init
 .text.HAL_SPI_MspInit
                0x00000000080010f8       0x98 ./Core/Src/spi.o
                0x00000000080010f8                HAL_SPI_MspInit
 .text.HAL_MspInit
                0x0000000008001190       0x64 ./Core/Src/stm32f1xx_hal_msp.o
                0x0000000008001190                HAL_MspInit
 .text.NMI_Handler
                0x00000000080011f4        0x6 ./Core/Src/stm32f1xx_it.o
                0x00000000080011f4                NMI_Handler
 .text.HardFault_Handler
                0x00000000080011fa        0x6 ./Core/Src/stm32f1xx_it.o
                0x00000000080011fa                HardFault_Handler
 .text.MemManage_Handler
                0x0000000008001200        0x6 ./Core/Src/stm32f1xx_it.o
                0x0000000008001200                MemManage_Handler
 .text.BusFault_Handler
                0x0000000008001206        0x6 ./Core/Src/stm32f1xx_it.o
                0x0000000008001206                BusFault_Handler
 .text.UsageFault_Handler
                0x000000000800120c        0x6 ./Core/Src/stm32f1xx_it.o
                0x000000000800120c                UsageFault_Handler
 .text.SVC_Handler
                0x0000000008001212        0xc ./Core/Src/stm32f1xx_it.o
                0x0000000008001212                SVC_Handler
 .text.DebugMon_Handler
                0x000000000800121e        0xc ./Core/Src/stm32f1xx_it.o
                0x000000000800121e                DebugMon_Handler
 .text.PendSV_Handler
                0x000000000800122a        0xc ./Core/Src/stm32f1xx_it.o
                0x000000000800122a                PendSV_Handler
 .text.SysTick_Handler
                0x0000000008001236        0xc ./Core/Src/stm32f1xx_it.o
                0x0000000008001236                SysTick_Handler
 *fill*         0x0000000008001242        0x2 
 .text.USART2_IRQHandler
                0x0000000008001244       0x14 ./Core/Src/stm32f1xx_it.o
                0x0000000008001244                USART2_IRQHandler
 .text._getpid  0x0000000008001258        0xe ./Core/Src/syscalls.o
                0x0000000008001258                _getpid
 .text._kill    0x0000000008001266       0x20 ./Core/Src/syscalls.o
                0x0000000008001266                _kill
 .text._exit    0x0000000008001286       0x14 ./Core/Src/syscalls.o
                0x0000000008001286                _exit
 .text._read    0x000000000800129a       0x3a ./Core/Src/syscalls.o
                0x000000000800129a                _read
 .text._write   0x00000000080012d4       0x38 ./Core/Src/syscalls.o
                0x00000000080012d4                _write
 .text._close   0x000000000800130c       0x16 ./Core/Src/syscalls.o
                0x000000000800130c                _close
 .text._fstat   0x0000000008001322       0x1e ./Core/Src/syscalls.o
                0x0000000008001322                _fstat
 .text._isatty  0x0000000008001340       0x14 ./Core/Src/syscalls.o
                0x0000000008001340                _isatty
 .text._lseek   0x0000000008001354       0x18 ./Core/Src/syscalls.o
                0x0000000008001354                _lseek
 .text._sbrk    0x000000000800136c       0x6c ./Core/Src/sysmem.o
                0x000000000800136c                _sbrk
 .text.SystemInit
                0x00000000080013d8        0xc ./Core/Src/system_stm32f1xx.o
                0x00000000080013d8                SystemInit
 .text.MX_USART2_UART_Init
                0x00000000080013e4       0x54 ./Core/Src/usart.o
                0x00000000080013e4                MX_USART2_UART_Init
 .text.HAL_UART_MspInit
                0x0000000008001438       0xa4 ./Core/Src/usart.o
                0x0000000008001438                HAL_UART_MspInit
 .text.Reset_Handler
                0x00000000080014dc       0x48 ./Core/Startup/startup_stm32f103rbtx.o
                0x00000000080014dc                Reset_Handler
 .text.Default_Handler
                0x0000000008001524        0x2 ./Core/Startup/startup_stm32f103rbtx.o
                0x0000000008001524                RTC_Alarm_IRQHandler
                0x0000000008001524                EXTI2_IRQHandler
                0x0000000008001524                TIM1_CC_IRQHandler
                0x0000000008001524                PVD_IRQHandler
                0x0000000008001524                EXTI3_IRQHandler
                0x0000000008001524                EXTI0_IRQHandler
                0x0000000008001524                I2C2_EV_IRQHandler
                0x0000000008001524                ADC1_2_IRQHandler
                0x0000000008001524                SPI1_IRQHandler
                0x0000000008001524                TAMPER_IRQHandler
                0x0000000008001524                DMA1_Channel4_IRQHandler
                0x0000000008001524                USART3_IRQHandler
                0x0000000008001524                RTC_IRQHandler
                0x0000000008001524                DMA1_Channel7_IRQHandler
                0x0000000008001524                CAN1_RX1_IRQHandler
                0x0000000008001524                TIM4_IRQHandler
                0x0000000008001524                I2C1_EV_IRQHandler
                0x0000000008001524                DMA1_Channel6_IRQHandler
                0x0000000008001524                TIM3_IRQHandler
                0x0000000008001524                RCC_IRQHandler
                0x0000000008001524                TIM1_TRG_COM_IRQHandler
                0x0000000008001524                DMA1_Channel1_IRQHandler
                0x0000000008001524                Default_Handler
                0x0000000008001524                EXTI15_10_IRQHandler
                0x0000000008001524                EXTI9_5_IRQHandler
                0x0000000008001524                SPI2_IRQHandler
                0x0000000008001524                DMA1_Channel5_IRQHandler
                0x0000000008001524                EXTI4_IRQHandler
                0x0000000008001524                USB_LP_CAN1_RX0_IRQHandler
                0x0000000008001524                USB_HP_CAN1_TX_IRQHandler
                0x0000000008001524                DMA1_Channel3_IRQHandler
                0x0000000008001524                TIM1_UP_IRQHandler
                0x0000000008001524                WWDG_IRQHandler
                0x0000000008001524                TIM2_IRQHandler
                0x0000000008001524                TIM1_BRK_IRQHandler
                0x0000000008001524                EXTI1_IRQHandler
                0x0000000008001524                I2C2_ER_IRQHandler
                0x0000000008001524                DMA1_Channel2_IRQHandler
                0x0000000008001524                CAN1_SCE_IRQHandler
                0x0000000008001524                FLASH_IRQHandler
                0x0000000008001524                USART1_IRQHandler
                0x0000000008001524                I2C1_ER_IRQHandler
                0x0000000008001524                USBWakeUp_IRQHandler
 *fill*         0x0000000008001526        0x2 
 .text.HAL_Init
                0x0000000008001528       0x2c ./Drivers/STM32F1xx_HAL_Driver/Src/stm32f1xx_hal.o
                0x0000000008001528                HAL_Init
 .text.HAL_InitTick
                0x0000000008001554       0x60 ./Drivers/STM32F1xx_HAL_Driver/Src/stm32f1xx_hal.o
                0x0000000008001554                HAL_InitTick
 .text.HAL_IncTick
                0x00000000080015b4       0x24 ./Drivers/STM32F1xx_HAL_Driver/Src/stm32f1xx_hal.o
                0x00000000080015b4                HAL_IncTick
 .text.HAL_GetTick
                0x00000000080015d8       0x14 ./Drivers/STM32F1xx_HAL_Driver/Src/stm32f1xx_hal.o
                0x00000000080015d8                HAL_GetTick
 .text.HAL_Delay
                0x00000000080015ec       0x48 ./Drivers/STM32F1xx_HAL_Driver/Src/stm32f1xx_hal.o
                0x00000000080015ec                HAL_Delay
 .text.__NVIC_SetPriorityGrouping
                0x0000000008001634       0x48 ./Drivers/STM32F1xx_HAL_Driver/Src/stm32f1xx_hal_cortex.o
 .text.__NVIC_GetPriorityGrouping
                0x000000000800167c       0x1c ./Drivers/STM32F1xx_HAL_Driver/Src/stm32f1xx_hal_cortex.o
 .text.__NVIC_EnableIRQ
                0x0000000008001698       0x38 ./Drivers/STM32F1xx_HAL_Driver/Src/stm32f1xx_hal_cortex.o
 .text.__NVIC_SetPriority
                0x00000000080016d0       0x54 ./Drivers/STM32F1xx_HAL_Driver/Src/stm32f1xx_hal_cortex.o
 .text.NVIC_EncodePriority
                0x0000000008001724       0x64 ./Drivers/STM32F1xx_HAL_Driver/Src/stm32f1xx_hal_cortex.o
 .text.SysTick_Config
                0x0000000008001788       0x44 ./Drivers/STM32F1xx_HAL_Driver/Src/stm32f1xx_hal_cortex.o
 .text.HAL_NVIC_SetPriorityGrouping
                0x00000000080017cc       0x16 ./Drivers/STM32F1xx_HAL_Driver/Src/stm32f1xx_hal_cortex.o
                0x00000000080017cc                HAL_NVIC_SetPriorityGrouping
 .text.HAL_NVIC_SetPriority
                0x00000000080017e2       0x38 ./Drivers/STM32F1xx_HAL_Driver/Src/stm32f1xx_hal_cortex.o
                0x00000000080017e2                HAL_NVIC_SetPriority
 .text.HAL_NVIC_EnableIRQ
                0x000000000800181a       0x1c ./Drivers/STM32F1xx_HAL_Driver/Src/stm32f1xx_hal_cortex.o
                0x000000000800181a                HAL_NVIC_EnableIRQ
 .text.HAL_SYSTICK_Config
                0x0000000008001836       0x18 ./Drivers/STM32F1xx_HAL_Driver/Src/stm32f1xx_hal_cortex.o
                0x0000000008001836                HAL_SYSTICK_Config
 .text.HAL_DMA_Abort
                0x000000000800184e       0x76 ./Drivers/STM32F1xx_HAL_Driver/Src/stm32f1xx_hal_dma.o
                0x000000000800184e                HAL_DMA_Abort
 .text.HAL_DMA_Abort_IT
                0x00000000080018c4       0xf0 ./Drivers/STM32F1xx_HAL_Driver/Src/stm32f1xx_hal_dma.o
                0x00000000080018c4                HAL_DMA_Abort_IT
 .text.HAL_GPIO_Init
                0x00000000080019b4      0x308 ./Drivers/STM32F1xx_HAL_Driver/Src/stm32f1xx_hal_gpio.o
                0x00000000080019b4                HAL_GPIO_Init
 .text.HAL_GPIO_WritePin
                0x0000000008001cbc       0x30 ./Drivers/STM32F1xx_HAL_Driver/Src/stm32f1xx_hal_gpio.o
                0x0000000008001cbc                HAL_GPIO_WritePin
 .text.HAL_RCC_OscConfig
                0x0000000008001cec      0x504 ./Drivers/STM32F1xx_HAL_Driver/Src/stm32f1xx_hal_rcc.o
                0x0000000008001cec                HAL_RCC_OscConfig
 .text.HAL_RCC_ClockConfig
                0x00000000080021f0      0x1d4 ./Drivers/STM32F1xx_HAL_Driver/Src/stm32f1xx_hal_rcc.o
                0x00000000080021f0                HAL_RCC_ClockConfig
 .text.HAL_RCC_GetSysClockFreq
                0x00000000080023c4       0xa8 ./Drivers/STM32F1xx_HAL_Driver/Src/stm32f1xx_hal_rcc.o
                0x00000000080023c4                HAL_RCC_GetSysClockFreq
 .text.HAL_RCC_GetHCLKFreq
                0x000000000800246c       0x14 ./Drivers/STM32F1xx_HAL_Driver/Src/stm32f1xx_hal_rcc.o
                0x000000000800246c                HAL_RCC_GetHCLKFreq
 .text.HAL_RCC_GetPCLK1Freq
                0x0000000008002480       0x28 ./Drivers/STM32F1xx_HAL_Driver/Src/stm32f1xx_hal_rcc.o
                0x0000000008002480                HAL_RCC_GetPCLK1Freq
 .text.HAL_RCC_GetPCLK2Freq
                0x00000000080024a8       0x28 ./Drivers/STM32F1xx_HAL_Driver/Src/stm32f1xx_hal_rcc.o
                0x00000000080024a8                HAL_RCC_GetPCLK2Freq
 .text.RCC_Delay
                0x00000000080024d0       0x3c ./Drivers/STM32F1xx_HAL_Driver/Src/stm32f1xx_hal_rcc.o
 .text.HAL_SPI_Init
                0x000000000800250c      0x108 ./Drivers/STM32F1xx_HAL_Driver/Src/stm32f1xx_hal_spi.o
                0x000000000800250c                HAL_SPI_Init
 .text.HAL_UART_Init
                0x0000000008002614       0xa0 ./Drivers/STM32F1xx_HAL_Driver/Src/stm32f1xx_hal_uart.o
                0x0000000008002614                HAL_UART_Init
 .text.HAL_UART_Transmit
                0x00000000080026b4      0x106 ./Drivers/STM32F1xx_HAL_Driver/Src/stm32f1xx_hal_uart.o
                0x00000000080026b4                HAL_UART_Transmit
 .text.HAL_UART_Receive_IT
                0x00000000080027ba       0x4a ./Drivers/STM32F1xx_HAL_Driver/Src/stm32f1xx_hal_uart.o
                0x00000000080027ba                HAL_UART_Receive_IT
 .text.HAL_UART_IRQHandler
                0x0000000008002804      0x524 ./Drivers/STM32F1xx_HAL_Driver/Src/stm32f1xx_hal_uart.o
                0x0000000008002804                HAL_UART_IRQHandler
 .text.HAL_UART_TxCpltCallback
                0x0000000008002d28       0x12 ./Drivers/STM32F1xx_HAL_Driver/Src/stm32f1xx_hal_uart.o
                0x0000000008002d28                HAL_UART_TxCpltCallback
 .text.HAL_UART_ErrorCallback
                0x0000000008002d3a       0x12 ./Drivers/STM32F1xx_HAL_Driver/Src/stm32f1xx_hal_uart.o
                0x0000000008002d3a                HAL_UART_ErrorCallback
 .text.HAL_UARTEx_RxEventCallback
                0x0000000008002d4c       0x16 ./Drivers/STM32F1xx_HAL_Driver/Src/stm32f1xx_hal_uart.o
                0x0000000008002d4c                HAL_UARTEx_RxEventCallback
 .text.UART_WaitOnFlagUntilTimeout
                0x0000000008002d62       0xdc ./Drivers/STM32F1xx_HAL_Driver/Src/stm32f1xx_hal_uart.o
 .text.UART_Start_Receive_IT
                0x0000000008002e3e       0x72 ./Drivers/STM32F1xx_HAL_Driver/Src/stm32f1xx_hal_uart.o
                0x0000000008002e3e                UART_Start_Receive_IT
 .text.UART_EndRxTransfer
                0x0000000008002eb0       0xc4 ./Drivers/STM32F1xx_HAL_Driver/Src/stm32f1xx_hal_uart.o
 .text.UART_DMAAbortOnError
                0x0000000008002f74       0x28 ./Drivers/STM32F1xx_HAL_Driver/Src/stm32f1xx_hal_uart.o
 .text.UART_Transmit_IT
                0x0000000008002f9c       0x9e ./Drivers/STM32F1xx_HAL_Driver/Src/stm32f1xx_hal_uart.o
 .text.UART_EndTransmit_IT
                0x000000000800303a       0x30 ./Drivers/STM32F1xx_HAL_Driver/Src/stm32f1xx_hal_uart.o
 .text.UART_Receive_IT
                0x000000000800306a      0x17c ./Drivers/STM32F1xx_HAL_Driver/Src/stm32f1xx_hal_uart.o
 *fill*         0x00000000080031e6        0x2 
 .text.UART_SetConfig
                0x00000000080031e8      0x11c ./Drivers/STM32F1xx_HAL_Driver/Src/stm32f1xx_hal_uart.o
 .text.SPIReadWrite
                0x0000000008003304       0x4c ./Drivers/wiznet/w5500_spi.o
                0x0000000008003304                SPIReadWrite
 .text.wizchip_select
                0x0000000008003350       0x18 ./Drivers/wiznet/w5500_spi.o
                0x0000000008003350                wizchip_select
 .text.wizchip_deselect
                0x0000000008003368       0x18 ./Drivers/wiznet/w5500_spi.o
                0x0000000008003368                wizchip_deselect
 .text.wizchip_read
                0x0000000008003380       0x1a ./Drivers/wiznet/w5500_spi.o
                0x0000000008003380                wizchip_read
 .text.wizchip_wrie
                0x000000000800339a       0x1a ./Drivers/wiznet/w5500_spi.o
                0x000000000800339a                wizchip_wrie
 .text.wizchip_readburst
                0x00000000080033b4       0x3e ./Drivers/wiznet/w5500_spi.o
                0x00000000080033b4                wizchip_readburst
 .text.wizchip_writeburst
                0x00000000080033f2       0x3a ./Drivers/wiznet/w5500_spi.o
                0x00000000080033f2                wizchip_writeburst
 .text.W5500IO_Init
                0x000000000800342c       0x5c ./Drivers/wiznet/w5500_spi.o
                0x000000000800342c                W5500IO_Init
 .text.w5500Init
                0x0000000008003488       0xac ./Drivers/wiznet/w5500_spi.o
                0x0000000008003488                w5500Init
 .text.WIZCHIP_READ
                0x0000000008003534       0x98 ./ioLibrary_Driver/Ethernet/W5500/w5500.o
                0x0000000008003534                WIZCHIP_READ
 .text.WIZCHIP_WRITE
                0x00000000080035cc       0x9c ./ioLibrary_Driver/Ethernet/W5500/w5500.o
                0x00000000080035cc                WIZCHIP_WRITE
 .text.WIZCHIP_READ_BUF
                0x0000000008003668       0xc0 ./ioLibrary_Driver/Ethernet/W5500/w5500.o
                0x0000000008003668                WIZCHIP_READ_BUF
 .text.WIZCHIP_WRITE_BUF
                0x0000000008003728       0xc0 ./ioLibrary_Driver/Ethernet/W5500/w5500.o
                0x0000000008003728                WIZCHIP_WRITE_BUF
 .text.getSn_TX_FSR
                0x00000000080037e8       0x96 ./ioLibrary_Driver/Ethernet/W5500/w5500.o
                0x00000000080037e8                getSn_TX_FSR
 .text.getSn_RX_RSR
                0x000000000800387e       0x96 ./ioLibrary_Driver/Ethernet/W5500/w5500.o
                0x000000000800387e                getSn_RX_RSR
 .text.wiz_send_data
                0x0000000008003914       0xb8 ./ioLibrary_Driver/Ethernet/W5500/w5500.o
                0x0000000008003914                wiz_send_data
 .text.wiz_recv_data
                0x00000000080039cc       0xb8 ./ioLibrary_Driver/Ethernet/W5500/w5500.o
                0x00000000080039cc                wiz_recv_data
 .text.wiz_recv_ignore
                0x0000000008003a84       0x90 ./ioLibrary_Driver/Ethernet/W5500/w5500.o
                0x0000000008003a84                wiz_recv_ignore
 .text.socket   0x0000000008003b14      0x228 ./ioLibrary_Driver/Ethernet/socket.o
                0x0000000008003b14                socket
 .text.close    0x0000000008003d3c       0xdc ./ioLibrary_Driver/Ethernet/socket.o
                0x0000000008003d3c                close
 .text.connect  0x0000000008003e18      0x1b8 ./ioLibrary_Driver/Ethernet/socket.o
                0x0000000008003e18                connect
 .text.disconnect
                0x0000000008003fd0       0xec ./ioLibrary_Driver/Ethernet/socket.o
                0x0000000008003fd0                disconnect
 .text.send     0x00000000080040bc      0x1f4 ./ioLibrary_Driver/Ethernet/socket.o
                0x00000000080040bc                send
 .text.recv     0x00000000080042b0      0x16c ./ioLibrary_Driver/Ethernet/socket.o
                0x00000000080042b0                recv
 .text.sendto   0x000000000800441c      0x26c ./ioLibrary_Driver/Ethernet/socket.o
                0x000000000800441c                sendto
 .text.recvfrom
                0x0000000008004688      0x3dc ./ioLibrary_Driver/Ethernet/socket.o
                0x0000000008004688                recvfrom
 .text.wizchip_cris_enter
                0x0000000008004a64        0xc ./ioLibrary_Driver/Ethernet/wizchip_conf.o
                0x0000000008004a64                wizchip_cris_enter
 .text.wizchip_cris_exit
                0x0000000008004a70        0xc ./ioLibrary_Driver/Ethernet/wizchip_conf.o
                0x0000000008004a70                wizchip_cris_exit
 .text.wizchip_cs_select
                0x0000000008004a7c        0xc ./ioLibrary_Driver/Ethernet/wizchip_conf.o
                0x0000000008004a7c                wizchip_cs_select
 .text.wizchip_cs_deselect
                0x0000000008004a88        0xc ./ioLibrary_Driver/Ethernet/wizchip_conf.o
                0x0000000008004a88                wizchip_cs_deselect
 .text.wizchip_bus_readdata
                0x0000000008004a94       0x18 ./ioLibrary_Driver/Ethernet/wizchip_conf.o
                0x0000000008004a94                wizchip_bus_readdata
 .text.wizchip_bus_writedata
                0x0000000008004aac       0x1c ./ioLibrary_Driver/Ethernet/wizchip_conf.o
                0x0000000008004aac                wizchip_bus_writedata
 .text.wizchip_spi_readbyte
                0x0000000008004ac8        0xe ./ioLibrary_Driver/Ethernet/wizchip_conf.o
                0x0000000008004ac8                wizchip_spi_readbyte
 .text.wizchip_spi_writebyte
                0x0000000008004ad6       0x14 ./ioLibrary_Driver/Ethernet/wizchip_conf.o
                0x0000000008004ad6                wizchip_spi_writebyte
 .text.wizchip_spi_readburst
                0x0000000008004aea       0x16 ./ioLibrary_Driver/Ethernet/wizchip_conf.o
                0x0000000008004aea                wizchip_spi_readburst
 .text.wizchip_spi_writeburst
                0x0000000008004b00       0x16 ./ioLibrary_Driver/Ethernet/wizchip_conf.o
                0x0000000008004b00                wizchip_spi_writeburst
 *fill*         0x0000000008004b16        0x2 
 .text.reg_wizchip_cs_cbfunc
                0x0000000008004b18       0x48 ./ioLibrary_Driver/Ethernet/wizchip_conf.o
                0x0000000008004b18                reg_wizchip_cs_cbfunc
 .text.reg_wizchip_spi_cbfunc
                0x0000000008004b60       0x58 ./ioLibrary_Driver/Ethernet/wizchip_conf.o
                0x0000000008004b60                reg_wizchip_spi_cbfunc
 .text.reg_wizchip_spiburst_cbfunc
                0x0000000008004bb8       0x58 ./ioLibrary_Driver/Ethernet/wizchip_conf.o
                0x0000000008004bb8                reg_wizchip_spiburst_cbfunc
 .text.ctlwizchip
                0x0000000008004c10      0x1c4 ./ioLibrary_Driver/Ethernet/wizchip_conf.o
                0x0000000008004c10                ctlwizchip
 .text.wizchip_sw_reset
                0x0000000008004dd4       0x98 ./ioLibrary_Driver/Ethernet/wizchip_conf.o
                0x0000000008004dd4                wizchip_sw_reset
 .text.wizchip_init
                0x0000000008004e6c      0x118 ./ioLibrary_Driver/Ethernet/wizchip_conf.o
                0x0000000008004e6c                wizchip_init
 .text.wizchip_clrinterrupt
                0x0000000008004f84       0x68 ./ioLibrary_Driver/Ethernet/wizchip_conf.o
                0x0000000008004f84                wizchip_clrinterrupt
 .text.wizchip_getinterrupt
                0x0000000008004fec       0x4a ./ioLibrary_Driver/Ethernet/wizchip_conf.o
                0x0000000008004fec                wizchip_getinterrupt
 .text.wizchip_setinterruptmask
                0x0000000008005036       0x36 ./ioLibrary_Driver/Ethernet/wizchip_conf.o
                0x0000000008005036                wizchip_setinterruptmask
 .text.wizchip_getinterruptmask
                0x000000000800506c       0x46 ./ioLibrary_Driver/Ethernet/wizchip_conf.o
                0x000000000800506c                wizchip_getinterruptmask
 .text.wizphy_getphylink
                0x00000000080050b2       0x2c ./ioLibrary_Driver/Ethernet/wizchip_conf.o
                0x00000000080050b2                wizphy_getphylink
 .text.wizphy_getphypmode
                0x00000000080050de       0x32 ./ioLibrary_Driver/Ethernet/wizchip_conf.o
                0x00000000080050de                wizphy_getphypmode
 .text.wizphy_reset
                0x0000000008005110       0x4e ./ioLibrary_Driver/Ethernet/wizchip_conf.o
                0x0000000008005110                wizphy_reset
 .text.wizphy_setphyconf
                0x000000000800515e       0x84 ./ioLibrary_Driver/Ethernet/wizchip_conf.o
                0x000000000800515e                wizphy_setphyconf
 *fill*         0x00000000080051e2        0x2 
 .text.wizphy_getphyconf
                0x00000000080051e4       0xd4 ./ioLibrary_Driver/Ethernet/wizchip_conf.o
                0x00000000080051e4                wizphy_getphyconf
 .text.wizphy_setphypmode
                0x00000000080052b8       0x94 ./ioLibrary_Driver/Ethernet/wizchip_conf.o
                0x00000000080052b8                wizphy_setphypmode
 .text.wizchip_setnetinfo
                0x000000000800534c       0x80 ./ioLibrary_Driver/Ethernet/wizchip_conf.o
                0x000000000800534c                wizchip_setnetinfo
 .text.wizchip_getnetinfo
                0x00000000080053cc       0x80 ./ioLibrary_Driver/Ethernet/wizchip_conf.o
                0x00000000080053cc                wizchip_getnetinfo
 .text.get16    0x000000000800544c       0x2e ./ioLibrary_Driver/Internet/DNS/dns.o
                0x000000000800544c                get16
 .text.put16    0x000000000800547a       0x34 ./ioLibrary_Driver/Internet/DNS/dns.o
                0x000000000800547a                put16
 .text.parse_name
                0x00000000080054ae      0x10c ./ioLibrary_Driver/Internet/DNS/dns.o
                0x00000000080054ae                parse_name
 .text.dns_question
                0x00000000080055ba       0x4a ./ioLibrary_Driver/Internet/DNS/dns.o
                0x00000000080055ba                dns_question
 .text.dns_answer
                0x0000000008005604      0x228 ./ioLibrary_Driver/Internet/DNS/dns.o
                0x0000000008005604                dns_answer
 .text.parseDNSMSG
                0x000000000800582c      0x18e ./ioLibrary_Driver/Internet/DNS/dns.o
                0x000000000800582c                parseDNSMSG
 *fill*         0x00000000080059ba        0x2 
 .text.dns_makequery
                0x00000000080059bc      0x17c ./ioLibrary_Driver/Internet/DNS/dns.o
                0x00000000080059bc                dns_makequery
 .text.check_DNS_timeout
                0x0000000008005b38       0x48 ./ioLibrary_Driver/Internet/DNS/dns.o
                0x0000000008005b38                check_DNS_timeout
 .text.DNS_init
                0x0000000008005b80       0x38 ./ioLibrary_Driver/Internet/DNS/dns.o
                0x0000000008005b80                DNS_init
 .text.DNS_run  0x0000000008005bb8      0x10c ./ioLibrary_Driver/Internet/DNS/dns.o
                0x0000000008005bb8                DNS_run
 .text.NewMessageData
                0x0000000008005cc4       0x22 ./ioLibrary_Driver/Internet/MQTT/MQTTClient.o
 .text.getNextPacketId
                0x0000000008005ce6       0x30 ./ioLibrary_Driver/Internet/MQTT/MQTTClient.o
 .text.sendPacket
                0x0000000008005d16       0x92 ./ioLibrary_Driver/Internet/MQTT/MQTTClient.o
 .text.MQTTClientInit
                0x0000000008005da8       0x7c ./ioLibrary_Driver/Internet/MQTT/MQTTClient.o
                0x0000000008005da8                MQTTClientInit
 .text.decodePacket
                0x0000000008005e24       0x88 ./ioLibrary_Driver/Internet/MQTT/MQTTClient.o
 .text.readPacket
                0x0000000008005eac       0xc8 ./ioLibrary_Driver/Internet/MQTT/MQTTClient.o
 .text.isTopicMatched
                0x0000000008005f74       0xd0 ./ioLibrary_Driver/Internet/MQTT/MQTTClient.o
 .text.deliverMessage
                0x0000000008006044       0xd6 ./ioLibrary_Driver/Internet/MQTT/MQTTClient.o
                0x0000000008006044                deliverMessage
 .text.keepalive
                0x000000000800611a       0x8e ./ioLibrary_Driver/Internet/MQTT/MQTTClient.o
                0x000000000800611a                keepalive
 .text.cycle    0x00000000080061a8      0x1c8 ./ioLibrary_Driver/Internet/MQTT/MQTTClient.o
                0x00000000080061a8                cycle
 .text.MQTTYield
                0x0000000008006370       0x4a ./ioLibrary_Driver/Internet/MQTT/MQTTClient.o
                0x0000000008006370                MQTTYield
 .text.waitfor  0x00000000080063ba       0x3e ./ioLibrary_Driver/Internet/MQTT/MQTTClient.o
                0x00000000080063ba                waitfor
 .text.MQTTConnect
                0x00000000080063f8      0x10c ./ioLibrary_Driver/Internet/MQTT/MQTTClient.o
                0x00000000080063f8                MQTTConnect
 .text.MQTTSubscribe
                0x0000000008006504      0x152 ./ioLibrary_Driver/Internet/MQTT/MQTTClient.o
                0x0000000008006504                MQTTSubscribe
 .text.MQTTPublish
                0x0000000008006656      0x17e ./ioLibrary_Driver/Internet/MQTT/MQTTClient.o
                0x0000000008006656                MQTTPublish
 .text.TimerInit
                0x00000000080067d4       0x18 ./ioLibrary_Driver/Internet/MQTT/mqtt_interface.o
                0x00000000080067d4                TimerInit
 .text.TimerIsExpired
                0x00000000080067ec       0x28 ./ioLibrary_Driver/Internet/MQTT/mqtt_interface.o
                0x00000000080067ec                TimerIsExpired
 .text.TimerCountdownMS
                0x0000000008006814       0x24 ./ioLibrary_Driver/Internet/MQTT/mqtt_interface.o
                0x0000000008006814                TimerCountdownMS
 .text.TimerCountdown
                0x0000000008006838       0x2c ./ioLibrary_Driver/Internet/MQTT/mqtt_interface.o
                0x0000000008006838                TimerCountdown
 .text.TimerLeftMS
                0x0000000008006864       0x28 ./ioLibrary_Driver/Internet/MQTT/mqtt_interface.o
                0x0000000008006864                TimerLeftMS
 .text.NewNetwork
                0x000000000800688c       0x38 ./ioLibrary_Driver/Internet/MQTT/mqtt_interface.o
                0x000000000800688c                NewNetwork
 .text.w5x00_read
                0x00000000080068c4       0x5a ./ioLibrary_Driver/Internet/MQTT/mqtt_interface.o
                0x00000000080068c4                w5x00_read
 .text.w5x00_write
                0x000000000800691e       0x48 ./ioLibrary_Driver/Internet/MQTT/mqtt_interface.o
                0x000000000800691e                w5x00_write
 .text.w5x00_disconnect
                0x0000000008006966       0x1c ./ioLibrary_Driver/Internet/MQTT/mqtt_interface.o
                0x0000000008006966                w5x00_disconnect
 .text.ConnectNetwork
                0x0000000008006982       0x58 ./ioLibrary_Driver/Internet/MQTT/mqtt_interface.o
                0x0000000008006982                ConnectNetwork
 .text.MQTTSerialize_connectLength
                0x00000000080069da       0xc2 ./ioLibrary_Driver/Internet/MQTT/MQTTPacket/src/MQTTConnectClient.o
                0x00000000080069da                MQTTSerialize_connectLength
 .text.MQTTSerialize_connect
                0x0000000008006a9c      0x1d8 ./ioLibrary_Driver/Internet/MQTT/MQTTPacket/src/MQTTConnectClient.o
                0x0000000008006a9c                MQTTSerialize_connect
 .text.MQTTDeserialize_connack
                0x0000000008006c74       0xaa ./ioLibrary_Driver/Internet/MQTT/MQTTPacket/src/MQTTConnectClient.o
                0x0000000008006c74                MQTTDeserialize_connack
 .text.MQTTSerialize_zero
                0x0000000008006d1e       0x70 ./ioLibrary_Driver/Internet/MQTT/MQTTPacket/src/MQTTConnectClient.o
                0x0000000008006d1e                MQTTSerialize_zero
 .text.MQTTSerialize_pingreq
                0x0000000008006d8e       0x1e ./ioLibrary_Driver/Internet/MQTT/MQTTPacket/src/MQTTConnectClient.o
                0x0000000008006d8e                MQTTSerialize_pingreq
 .text.MQTTDeserialize_publish
                0x0000000008006dac       0xe4 ./ioLibrary_Driver/Internet/MQTT/MQTTPacket/src/MQTTDeserializePublish.o
                0x0000000008006dac                MQTTDeserialize_publish
 .text.MQTTDeserialize_ack
                0x0000000008006e90       0x96 ./ioLibrary_Driver/Internet/MQTT/MQTTPacket/src/MQTTDeserializePublish.o
                0x0000000008006e90                MQTTDeserialize_ack
 .text.MQTTPacket_encode
                0x0000000008006f26       0x5c ./ioLibrary_Driver/Internet/MQTT/MQTTPacket/src/MQTTPacket.o
                0x0000000008006f26                MQTTPacket_encode
 .text.MQTTPacket_decode
                0x0000000008006f82       0x78 ./ioLibrary_Driver/Internet/MQTT/MQTTPacket/src/MQTTPacket.o
                0x0000000008006f82                MQTTPacket_decode
 *fill*         0x0000000008006ffa        0x2 
 .text.MQTTPacket_len
                0x0000000008006ffc       0x54 ./ioLibrary_Driver/Internet/MQTT/MQTTPacket/src/MQTTPacket.o
                0x0000000008006ffc                MQTTPacket_len
 .text.bufchar  0x0000000008007050       0x40 ./ioLibrary_Driver/Internet/MQTT/MQTTPacket/src/MQTTPacket.o
                0x0000000008007050                bufchar
 .text.MQTTPacket_decodeBuf
                0x0000000008007090       0x2c ./ioLibrary_Driver/Internet/MQTT/MQTTPacket/src/MQTTPacket.o
                0x0000000008007090                MQTTPacket_decodeBuf
 .text.readInt  0x00000000080070bc       0x34 ./ioLibrary_Driver/Internet/MQTT/MQTTPacket/src/MQTTPacket.o
                0x00000000080070bc                readInt
 .text.readChar
                0x00000000080070f0       0x26 ./ioLibrary_Driver/Internet/MQTT/MQTTPacket/src/MQTTPacket.o
                0x00000000080070f0                readChar
 .text.writeChar
                0x0000000008007116       0x28 ./ioLibrary_Driver/Internet/MQTT/MQTTPacket/src/MQTTPacket.o
                0x0000000008007116                writeChar
 .text.writeInt
                0x000000000800713e       0x50 ./ioLibrary_Driver/Internet/MQTT/MQTTPacket/src/MQTTPacket.o
                0x000000000800713e                writeInt
 .text.writeCString
                0x000000000800718e       0x3e ./ioLibrary_Driver/Internet/MQTT/MQTTPacket/src/MQTTPacket.o
                0x000000000800718e                writeCString
 .text.writeMQTTString
                0x00000000080071cc       0x5c ./ioLibrary_Driver/Internet/MQTT/MQTTPacket/src/MQTTPacket.o
                0x00000000080071cc                writeMQTTString
 .text.readMQTTLenString
                0x0000000008007228       0x62 ./ioLibrary_Driver/Internet/MQTT/MQTTPacket/src/MQTTPacket.o
                0x0000000008007228                readMQTTLenString
 .text.MQTTstrlen
                0x000000000800728a       0x32 ./ioLibrary_Driver/Internet/MQTT/MQTTPacket/src/MQTTPacket.o
                0x000000000800728a                MQTTstrlen
 .text.MQTTPacket_equals
                0x00000000080072bc       0x6e ./ioLibrary_Driver/Internet/MQTT/MQTTPacket/src/MQTTPacket.o
                0x00000000080072bc                MQTTPacket_equals
 .text.MQTTSerialize_publishLength
                0x000000000800732a       0x40 ./ioLibrary_Driver/Internet/MQTT/MQTTPacket/src/MQTTSerializePublish.o
                0x000000000800732a                MQTTSerialize_publishLength
 .text.MQTTSerialize_publish
                0x000000000800736a       0xec ./ioLibrary_Driver/Internet/MQTT/MQTTPacket/src/MQTTSerializePublish.o
                0x000000000800736a                MQTTSerialize_publish
 .text.MQTTSerialize_ack
                0x0000000008007456       0xaa ./ioLibrary_Driver/Internet/MQTT/MQTTPacket/src/MQTTSerializePublish.o
                0x0000000008007456                MQTTSerialize_ack
 .text.MQTTSerialize_subscribeLength
                0x0000000008007500       0x4e ./ioLibrary_Driver/Internet/MQTT/MQTTPacket/src/MQTTSubscribeClient.o
                0x0000000008007500                MQTTSerialize_subscribeLength
 .text.MQTTSerialize_subscribe
                0x000000000800754e       0xf4 ./ioLibrary_Driver/Internet/MQTT/MQTTPacket/src/MQTTSubscribeClient.o
                0x000000000800754e                MQTTSerialize_subscribe
 .text.MQTTDeserialize_suback
                0x0000000008007642       0xce ./ioLibrary_Driver/Internet/MQTT/MQTTPacket/src/MQTTSubscribeClient.o
                0x0000000008007642                MQTTDeserialize_suback
 .text.malloc   0x0000000008007710       0x10 C:/ST/STM32CubeIDE_1.13.2/STM32CubeIDE/plugins/com.st.stm32cube.ide.mcu.externaltools.gnu-tools-for-stm32.11.3.rel1.win32_1.1.1.202309131626/tools/bin/../lib/gcc/arm-none-eabi/11.3.1/../../../../arm-none-eabi/lib/thumb/v7-m/nofp\libc_nano.a(libc_a-malloc.o)
                0x0000000008007710                malloc
 .text.sbrk_aligned
                0x0000000008007720       0x40 C:/ST/STM32CubeIDE_1.13.2/STM32CubeIDE/plugins/com.st.stm32cube.ide.mcu.externaltools.gnu-tools-for-stm32.11.3.rel1.win32_1.1.1.202309131626/tools/bin/../lib/gcc/arm-none-eabi/11.3.1/../../../../arm-none-eabi/lib/thumb/v7-m/nofp\libc_nano.a(libc_a-mallocr.o)
 .text._malloc_r
                0x0000000008007760      0x100 C:/ST/STM32CubeIDE_1.13.2/STM32CubeIDE/plugins/com.st.stm32cube.ide.mcu.externaltools.gnu-tools-for-stm32.11.3.rel1.win32_1.1.1.202309131626/tools/bin/../lib/gcc/arm-none-eabi/11.3.1/../../../../arm-none-eabi/lib/thumb/v7-m/nofp\libc_nano.a(libc_a-mallocr.o)
                0x0000000008007760                _malloc_r
 .text.__malloc_lock
                0x0000000008007860        0xc C:/ST/STM32CubeIDE_1.13.2/STM32CubeIDE/plugins/com.st.stm32cube.ide.mcu.externaltools.gnu-tools-for-stm32.11.3.rel1.win32_1.1.1.202309131626/tools/bin/../lib/gcc/arm-none-eabi/11.3.1/../../../../arm-none-eabi/lib/thumb/v7-m/nofp\libc_nano.a(libc_a-mlock.o)
                0x0000000008007860                __malloc_lock
 .text.__malloc_unlock
                0x000000000800786c        0xc C:/ST/STM32CubeIDE_1.13.2/STM32CubeIDE/plugins/com.st.stm32cube.ide.mcu.externaltools.gnu-tools-for-stm32.11.3.rel1.win32_1.1.1.202309131626/tools/bin/../lib/gcc/arm-none-eabi/11.3.1/../../../../arm-none-eabi/lib/thumb/v7-m/nofp\libc_nano.a(libc_a-mlock.o)
                0x000000000800786c                __malloc_unlock
 .text.__cvt    0x0000000008007878       0xbe C:/ST/STM32CubeIDE_1.13.2/STM32CubeIDE/plugins/com.st.stm32cube.ide.mcu.externaltools.gnu-tools-for-stm32.11.3.rel1.win32_1.1.1.202309131626/tools/bin/../lib/gcc/arm-none-eabi/11.3.1/../../../../arm-none-eabi/lib/thumb/v7-m/nofp\libc_nano.a(libc_a-nano-vfprintf_float.o)
                0x0000000008007878                __cvt
 .text.__exponent
                0x0000000008007936       0x7a C:/ST/STM32CubeIDE_1.13.2/STM32CubeIDE/plugins/com.st.stm32cube.ide.mcu.externaltools.gnu-tools-for-stm32.11.3.rel1.win32_1.1.1.202309131626/tools/bin/../lib/gcc/arm-none-eabi/11.3.1/../../../../arm-none-eabi/lib/thumb/v7-m/nofp\libc_nano.a(libc_a-nano-vfprintf_float.o)
                0x0000000008007936                __exponent
 .text._printf_float
                0x00000000080079b0      0x45c C:/ST/STM32CubeIDE_1.13.2/STM32CubeIDE/plugins/com.st.stm32cube.ide.mcu.externaltools.gnu-tools-for-stm32.11.3.rel1.win32_1.1.1.202309131626/tools/bin/../lib/gcc/arm-none-eabi/11.3.1/../../../../arm-none-eabi/lib/thumb/v7-m/nofp\libc_nano.a(libc_a-nano-vfprintf_float.o)
                0x00000000080079b0                _printf_float
 .text._printf_common
                0x0000000008007e0c       0xe4 C:/ST/STM32CubeIDE_1.13.2/STM32CubeIDE/plugins/com.st.stm32cube.ide.mcu.externaltools.gnu-tools-for-stm32.11.3.rel1.win32_1.1.1.202309131626/tools/bin/../lib/gcc/arm-none-eabi/11.3.1/../../../../arm-none-eabi/lib/thumb/v7-m/nofp\libc_nano.a(libc_a-nano-vfprintf_i.o)
                0x0000000008007e0c                _printf_common
 .text._printf_i
                0x0000000008007ef0      0x244 C:/ST/STM32CubeIDE_1.13.2/STM32CubeIDE/plugins/com.st.stm32cube.ide.mcu.externaltools.gnu-tools-for-stm32.11.3.rel1.win32_1.1.1.202309131626/tools/bin/../lib/gcc/arm-none-eabi/11.3.1/../../../../arm-none-eabi/lib/thumb/v7-m/nofp\libc_nano.a(libc_a-nano-vfprintf_i.o)
                0x0000000008007ef0                _printf_i
 .text.std      0x0000000008008134       0x6c C:/ST/STM32CubeIDE_1.13.2/STM32CubeIDE/plugins/com.st.stm32cube.ide.mcu.externaltools.gnu-tools-for-stm32.11.3.rel1.win32_1.1.1.202309131626/tools/bin/../lib/gcc/arm-none-eabi/11.3.1/../../../../arm-none-eabi/lib/thumb/v7-m/nofp\libc_nano.a(libc_a-findfp.o)
 .text.stdio_exit_handler
                0x00000000080081a0       0x18 C:/ST/STM32CubeIDE_1.13.2/STM32CubeIDE/plugins/com.st.stm32cube.ide.mcu.externaltools.gnu-tools-for-stm32.11.3.rel1.win32_1.1.1.202309131626/tools/bin/../lib/gcc/arm-none-eabi/11.3.1/../../../../arm-none-eabi/lib/thumb/v7-m/nofp\libc_nano.a(libc_a-findfp.o)
 .text.cleanup_stdio
                0x00000000080081b8       0x40 C:/ST/STM32CubeIDE_1.13.2/STM32CubeIDE/plugins/com.st.stm32cube.ide.mcu.externaltools.gnu-tools-for-stm32.11.3.rel1.win32_1.1.1.202309131626/tools/bin/../lib/gcc/arm-none-eabi/11.3.1/../../../../arm-none-eabi/lib/thumb/v7-m/nofp\libc_nano.a(libc_a-findfp.o)
 .text.global_stdio_init.part.0
                0x00000000080081f8       0x3c C:/ST/STM32CubeIDE_1.13.2/STM32CubeIDE/plugins/com.st.stm32cube.ide.mcu.externaltools.gnu-tools-for-stm32.11.3.rel1.win32_1.1.1.202309131626/tools/bin/../lib/gcc/arm-none-eabi/11.3.1/../../../../arm-none-eabi/lib/thumb/v7-m/nofp\libc_nano.a(libc_a-findfp.o)
 .text.__sfp_lock_acquire
                0x0000000008008234        0xc C:/ST/STM32CubeIDE_1.13.2/STM32CubeIDE/plugins/com.st.stm32cube.ide.mcu.externaltools.gnu-tools-for-stm32.11.3.rel1.win32_1.1.1.202309131626/tools/bin/../lib/gcc/arm-none-eabi/11.3.1/../../../../arm-none-eabi/lib/thumb/v7-m/nofp\libc_nano.a(libc_a-findfp.o)
                0x0000000008008234                __sfp_lock_acquire
 .text.__sfp_lock_release
                0x0000000008008240        0xc C:/ST/STM32CubeIDE_1.13.2/STM32CubeIDE/plugins/com.st.stm32cube.ide.mcu.externaltools.gnu-tools-for-stm32.11.3.rel1.win32_1.1.1.202309131626/tools/bin/../lib/gcc/arm-none-eabi/11.3.1/../../../../arm-none-eabi/lib/thumb/v7-m/nofp\libc_nano.a(libc_a-findfp.o)
                0x0000000008008240                __sfp_lock_release
 .text.__sinit  0x000000000800824c       0x30 C:/ST/STM32CubeIDE_1.13.2/STM32CubeIDE/plugins/com.st.stm32cube.ide.mcu.externaltools.gnu-tools-for-stm32.11.3.rel1.win32_1.1.1.202309131626/tools/bin/../lib/gcc/arm-none-eabi/11.3.1/../../../../arm-none-eabi/lib/thumb/v7-m/nofp\libc_nano.a(libc_a-findfp.o)
                0x000000000800824c                __sinit
 .text._fwalk_sglue
                0x000000000800827c       0x3c C:/ST/STM32CubeIDE_1.13.2/STM32CubeIDE/plugins/com.st.stm32cube.ide.mcu.externaltools.gnu-tools-for-stm32.11.3.rel1.win32_1.1.1.202309131626/tools/bin/../lib/gcc/arm-none-eabi/11.3.1/../../../../arm-none-eabi/lib/thumb/v7-m/nofp\libc_nano.a(libc_a-fwalk.o)
                0x000000000800827c                _fwalk_sglue
 .text.printf   0x00000000080082b8       0x24 C:/ST/STM32CubeIDE_1.13.2/STM32CubeIDE/plugins/com.st.stm32cube.ide.mcu.externaltools.gnu-tools-for-stm32.11.3.rel1.win32_1.1.1.202309131626/tools/bin/../lib/gcc/arm-none-eabi/11.3.1/../../../../arm-none-eabi/lib/thumb/v7-m/nofp\libc_nano.a(libc_a-printf.o)
                0x00000000080082b8                iprintf
                0x00000000080082b8                printf
 .text._puts_r  0x00000000080082dc       0xa8 C:/ST/STM32CubeIDE_1.13.2/STM32CubeIDE/plugins/com.st.stm32cube.ide.mcu.externaltools.gnu-tools-for-stm32.11.3.rel1.win32_1.1.1.202309131626/tools/bin/../lib/gcc/arm-none-eabi/11.3.1/../../../../arm-none-eabi/lib/thumb/v7-m/nofp\libc_nano.a(libc_a-puts.o)
                0x00000000080082dc                _puts_r
 .text.puts     0x0000000008008384       0x10 C:/ST/STM32CubeIDE_1.13.2/STM32CubeIDE/plugins/com.st.stm32cube.ide.mcu.externaltools.gnu-tools-for-stm32.11.3.rel1.win32_1.1.1.202309131626/tools/bin/../lib/gcc/arm-none-eabi/11.3.1/../../../../arm-none-eabi/lib/thumb/v7-m/nofp\libc_nano.a(libc_a-puts.o)
                0x0000000008008384                puts
 .text.sprintf  0x0000000008008394       0x40 C:/ST/STM32CubeIDE_1.13.2/STM32CubeIDE/plugins/com.st.stm32cube.ide.mcu.externaltools.gnu-tools-for-stm32.11.3.rel1.win32_1.1.1.202309131626/tools/bin/../lib/gcc/arm-none-eabi/11.3.1/../../../../arm-none-eabi/lib/thumb/v7-m/nofp\libc_nano.a(libc_a-sprintf.o)
                0x0000000008008394                siprintf
                0x0000000008008394                sprintf
 .text.__sread  0x00000000080083d4       0x22 C:/ST/STM32CubeIDE_1.13.2/STM32CubeIDE/plugins/com.st.stm32cube.ide.mcu.externaltools.gnu-tools-for-stm32.11.3.rel1.win32_1.1.1.202309131626/tools/bin/../lib/gcc/arm-none-eabi/11.3.1/../../../../arm-none-eabi/lib/thumb/v7-m/nofp\libc_nano.a(libc_a-stdio.o)
                0x00000000080083d4                __sread
 .text.__swrite
                0x00000000080083f6       0x38 C:/ST/STM32CubeIDE_1.13.2/STM32CubeIDE/plugins/com.st.stm32cube.ide.mcu.externaltools.gnu-tools-for-stm32.11.3.rel1.win32_1.1.1.202309131626/tools/bin/../lib/gcc/arm-none-eabi/11.3.1/../../../../arm-none-eabi/lib/thumb/v7-m/nofp\libc_nano.a(libc_a-stdio.o)
                0x00000000080083f6                __swrite
 .text.__sseek  0x000000000800842e       0x24 C:/ST/STM32CubeIDE_1.13.2/STM32CubeIDE/plugins/com.st.stm32cube.ide.mcu.externaltools.gnu-tools-for-stm32.11.3.rel1.win32_1.1.1.202309131626/tools/bin/../lib/gcc/arm-none-eabi/11.3.1/../../../../arm-none-eabi/lib/thumb/v7-m/nofp\libc_nano.a(libc_a-stdio.o)
                0x000000000800842e                __sseek
 .text.__sclose
                0x0000000008008452        0x8 C:/ST/STM32CubeIDE_1.13.2/STM32CubeIDE/plugins/com.st.stm32cube.ide.mcu.externaltools.gnu-tools-for-stm32.11.3.rel1.win32_1.1.1.202309131626/tools/bin/../lib/gcc/arm-none-eabi/11.3.1/../../../../arm-none-eabi/lib/thumb/v7-m/nofp\libc_nano.a(libc_a-stdio.o)
                0x0000000008008452                __sclose
 .text.__swbuf_r
                0x000000000800845a       0x7a C:/ST/STM32CubeIDE_1.13.2/STM32CubeIDE/plugins/com.st.stm32cube.ide.mcu.externaltools.gnu-tools-for-stm32.11.3.rel1.win32_1.1.1.202309131626/tools/bin/../lib/gcc/arm-none-eabi/11.3.1/../../../../arm-none-eabi/lib/thumb/v7-m/nofp\libc_nano.a(libc_a-wbuf.o)
                0x000000000800845a                __swbuf_r
 .text.__swsetup_r
                0x00000000080084d4       0xb0 C:/ST/STM32CubeIDE_1.13.2/STM32CubeIDE/plugins/com.st.stm32cube.ide.mcu.externaltools.gnu-tools-for-stm32.11.3.rel1.win32_1.1.1.202309131626/tools/bin/../lib/gcc/arm-none-eabi/11.3.1/../../../../arm-none-eabi/lib/thumb/v7-m/nofp\libc_nano.a(libc_a-wsetup.o)
                0x00000000080084d4                __swsetup_r
 .text.memset   0x0000000008008584       0x10 C:/ST/STM32CubeIDE_1.13.2/STM32CubeIDE/plugins/com.st.stm32cube.ide.mcu.externaltools.gnu-tools-for-stm32.11.3.rel1.win32_1.1.1.202309131626/tools/bin/../lib/gcc/arm-none-eabi/11.3.1/../../../../arm-none-eabi/lib/thumb/v7-m/nofp\libc_nano.a(libc_a-memset.o)
                0x0000000008008584                memset
 .text.strchr   0x0000000008008594       0x1a C:/ST/STM32CubeIDE_1.13.2/STM32CubeIDE/plugins/com.st.stm32cube.ide.mcu.externaltools.gnu-tools-for-stm32.11.3.rel1.win32_1.1.1.202309131626/tools/bin/../lib/gcc/arm-none-eabi/11.3.1/../../../../arm-none-eabi/lib/thumb/v7-m/nofp\libc_nano.a(libc_a-strchr.o)
                0x0000000008008594                strchr
 .text.strncmp  0x00000000080085ae       0x24 C:/ST/STM32CubeIDE_1.13.2/STM32CubeIDE/plugins/com.st.stm32cube.ide.mcu.externaltools.gnu-tools-for-stm32.11.3.rel1.win32_1.1.1.202309131626/tools/bin/../lib/gcc/arm-none-eabi/11.3.1/../../../../arm-none-eabi/lib/thumb/v7-m/nofp\libc_nano.a(libc_a-strncmp.o)
                0x00000000080085ae                strncmp
 .text.strncpy  0x00000000080085d2       0x26 C:/ST/STM32CubeIDE_1.13.2/STM32CubeIDE/plugins/com.st.stm32cube.ide.mcu.externaltools.gnu-tools-for-stm32.11.3.rel1.win32_1.1.1.202309131626/tools/bin/../lib/gcc/arm-none-eabi/11.3.1/../../../../arm-none-eabi/lib/thumb/v7-m/nofp\libc_nano.a(libc_a-strncpy.o)
                0x00000000080085d2                strncpy
 .text._localeconv_r
                0x00000000080085f8        0x8 C:/ST/STM32CubeIDE_1.13.2/STM32CubeIDE/plugins/com.st.stm32cube.ide.mcu.externaltools.gnu-tools-for-stm32.11.3.rel1.win32_1.1.1.202309131626/tools/bin/../lib/gcc/arm-none-eabi/11.3.1/../../../../arm-none-eabi/lib/thumb/v7-m/nofp\libc_nano.a(libc_a-localeconv.o)
                0x00000000080085f8                _localeconv_r
 .text._close_r
                0x0000000008008600       0x20 C:/ST/STM32CubeIDE_1.13.2/STM32CubeIDE/plugins/com.st.stm32cube.ide.mcu.externaltools.gnu-tools-for-stm32.11.3.rel1.win32_1.1.1.202309131626/tools/bin/../lib/gcc/arm-none-eabi/11.3.1/../../../../arm-none-eabi/lib/thumb/v7-m/nofp\libc_nano.a(libc_a-closer.o)
                0x0000000008008600                _close_r
 .text._lseek_r
                0x0000000008008620       0x24 C:/ST/STM32CubeIDE_1.13.2/STM32CubeIDE/plugins/com.st.stm32cube.ide.mcu.externaltools.gnu-tools-for-stm32.11.3.rel1.win32_1.1.1.202309131626/tools/bin/../lib/gcc/arm-none-eabi/11.3.1/../../../../arm-none-eabi/lib/thumb/v7-m/nofp\libc_nano.a(libc_a-lseekr.o)
                0x0000000008008620                _lseek_r
 .text._read_r  0x0000000008008644       0x24 C:/ST/STM32CubeIDE_1.13.2/STM32CubeIDE/plugins/com.st.stm32cube.ide.mcu.externaltools.gnu-tools-for-stm32.11.3.rel1.win32_1.1.1.202309131626/tools/bin/../lib/gcc/arm-none-eabi/11.3.1/../../../../arm-none-eabi/lib/thumb/v7-m/nofp\libc_nano.a(libc_a-readr.o)
                0x0000000008008644                _read_r
 .text._sbrk_r  0x0000000008008668       0x20 C:/ST/STM32CubeIDE_1.13.2/STM32CubeIDE/plugins/com.st.stm32cube.ide.mcu.externaltools.gnu-tools-for-stm32.11.3.rel1.win32_1.1.1.202309131626/tools/bin/../lib/gcc/arm-none-eabi/11.3.1/../../../../arm-none-eabi/lib/thumb/v7-m/nofp\libc_nano.a(libc_a-sbrkr.o)
                0x0000000008008668                _sbrk_r
 .text._write_r
                0x0000000008008688       0x24 C:/ST/STM32CubeIDE_1.13.2/STM32CubeIDE/plugins/com.st.stm32cube.ide.mcu.externaltools.gnu-tools-for-stm32.11.3.rel1.win32_1.1.1.202309131626/tools/bin/../lib/gcc/arm-none-eabi/11.3.1/../../../../arm-none-eabi/lib/thumb/v7-m/nofp\libc_nano.a(libc_a-writer.o)
                0x0000000008008688                _write_r
 .text.__errno  0x00000000080086ac        0xc C:/ST/STM32CubeIDE_1.13.2/STM32CubeIDE/plugins/com.st.stm32cube.ide.mcu.externaltools.gnu-tools-for-stm32.11.3.rel1.win32_1.1.1.202309131626/tools/bin/../lib/gcc/arm-none-eabi/11.3.1/../../../../arm-none-eabi/lib/thumb/v7-m/nofp\libc_nano.a(libc_a-errno.o)
                0x00000000080086ac                __errno
 .text.__libc_init_array
                0x00000000080086b8       0x48 C:/ST/STM32CubeIDE_1.13.2/STM32CubeIDE/plugins/com.st.stm32cube.ide.mcu.externaltools.gnu-tools-for-stm32.11.3.rel1.win32_1.1.1.202309131626/tools/bin/../lib/gcc/arm-none-eabi/11.3.1/../../../../arm-none-eabi/lib/thumb/v7-m/nofp\libc_nano.a(libc_a-init.o)
                0x00000000080086b8                __libc_init_array
 .text.__retarget_lock_init_recursive
                0x0000000008008700        0x2 C:/ST/STM32CubeIDE_1.13.2/STM32CubeIDE/plugins/com.st.stm32cube.ide.mcu.externaltools.gnu-tools-for-stm32.11.3.rel1.win32_1.1.1.202309131626/tools/bin/../lib/gcc/arm-none-eabi/11.3.1/../../../../arm-none-eabi/lib/thumb/v7-m/nofp\libc_nano.a(libc_a-lock.o)
                0x0000000008008700                __retarget_lock_init_recursive
 .text.__retarget_lock_acquire_recursive
                0x0000000008008702        0x2 C:/ST/STM32CubeIDE_1.13.2/STM32CubeIDE/plugins/com.st.stm32cube.ide.mcu.externaltools.gnu-tools-for-stm32.11.3.rel1.win32_1.1.1.202309131626/tools/bin/../lib/gcc/arm-none-eabi/11.3.1/../../../../arm-none-eabi/lib/thumb/v7-m/nofp\libc_nano.a(libc_a-lock.o)
                0x0000000008008702                __retarget_lock_acquire_recursive
 .text.__retarget_lock_release_recursive
                0x0000000008008704        0x2 C:/ST/STM32CubeIDE_1.13.2/STM32CubeIDE/plugins/com.st.stm32cube.ide.mcu.externaltools.gnu-tools-for-stm32.11.3.rel1.win32_1.1.1.202309131626/tools/bin/../lib/gcc/arm-none-eabi/11.3.1/../../../../arm-none-eabi/lib/thumb/v7-m/nofp\libc_nano.a(libc_a-lock.o)
                0x0000000008008704                __retarget_lock_release_recursive
 .text.strcpy   0x0000000008008706       0x10 C:/ST/STM32CubeIDE_1.13.2/STM32CubeIDE/plugins/com.st.stm32cube.ide.mcu.externaltools.gnu-tools-for-stm32.11.3.rel1.win32_1.1.1.202309131626/tools/bin/../lib/gcc/arm-none-eabi/11.3.1/../../../../arm-none-eabi/lib/thumb/v7-m/nofp\libc_nano.a(libc_a-strcpy.o)
                0x0000000008008706                strcpy
 .text.memchr   0x0000000008008716       0x1c C:/ST/STM32CubeIDE_1.13.2/STM32CubeIDE/plugins/com.st.stm32cube.ide.mcu.externaltools.gnu-tools-for-stm32.11.3.rel1.win32_1.1.1.202309131626/tools/bin/../lib/gcc/arm-none-eabi/11.3.1/../../../../arm-none-eabi/lib/thumb/v7-m/nofp\libc_nano.a(libc_a-memchr-stub.o)
                0x0000000008008716                memchr
 .text.memcpy   0x0000000008008732       0x1c C:/ST/STM32CubeIDE_1.13.2/STM32CubeIDE/plugins/com.st.stm32cube.ide.mcu.externaltools.gnu-tools-for-stm32.11.3.rel1.win32_1.1.1.202309131626/tools/bin/../lib/gcc/arm-none-eabi/11.3.1/../../../../arm-none-eabi/lib/thumb/v7-m/nofp\libc_nano.a(libc_a-memcpy-stub.o)
                0x0000000008008732                memcpy
 *fill*         0x000000000800874e        0x2 
 .text.__assert_func
                0x0000000008008750       0x3c C:/ST/STM32CubeIDE_1.13.2/STM32CubeIDE/plugins/com.st.stm32cube.ide.mcu.externaltools.gnu-tools-for-stm32.11.3.rel1.win32_1.1.1.202309131626/tools/bin/../lib/gcc/arm-none-eabi/11.3.1/../../../../arm-none-eabi/lib/thumb/v7-m/nofp\libc_nano.a(libc_a-assert.o)
                0x0000000008008750                __assert_func
 .text.quorem   0x000000000800878c      0x112 C:/ST/STM32CubeIDE_1.13.2/STM32CubeIDE/plugins/com.st.stm32cube.ide.mcu.externaltools.gnu-tools-for-stm32.11.3.rel1.win32_1.1.1.202309131626/tools/bin/../lib/gcc/arm-none-eabi/11.3.1/../../../../arm-none-eabi/lib/thumb/v7-m/nofp\libc_nano.a(libc_a-dtoa.o)
 *fill*         0x000000000800889e        0x2 
 .text._dtoa_r  0x00000000080088a0      0xbc8 C:/ST/STM32CubeIDE_1.13.2/STM32CubeIDE/plugins/com.st.stm32cube.ide.mcu.externaltools.gnu-tools-for-stm32.11.3.rel1.win32_1.1.1.202309131626/tools/bin/../lib/gcc/arm-none-eabi/11.3.1/../../../../arm-none-eabi/lib/thumb/v7-m/nofp\libc_nano.a(libc_a-dtoa.o)
                0x00000000080088a0                _dtoa_r
 .text._free_r  0x0000000008009468       0x90 C:/ST/STM32CubeIDE_1.13.2/STM32CubeIDE/plugins/com.st.stm32cube.ide.mcu.externaltools.gnu-tools-for-stm32.11.3.rel1.win32_1.1.1.202309131626/tools/bin/../lib/gcc/arm-none-eabi/11.3.1/../../../../arm-none-eabi/lib/thumb/v7-m/nofp\libc_nano.a(libc_a-freer.o)
                0x0000000008009468                _free_r
 .text._Balloc  0x00000000080094f8       0x80 C:/ST/STM32CubeIDE_1.13.2/STM32CubeIDE/plugins/com.st.stm32cube.ide.mcu.externaltools.gnu-tools-for-stm32.11.3.rel1.win32_1.1.1.202309131626/tools/bin/../lib/gcc/arm-none-eabi/11.3.1/../../../../arm-none-eabi/lib/thumb/v7-m/nofp\libc_nano.a(libc_a-mprec.o)
                0x00000000080094f8                _Balloc
 .text._Bfree   0x0000000008009578       0x44 C:/ST/STM32CubeIDE_1.13.2/STM32CubeIDE/plugins/com.st.stm32cube.ide.mcu.externaltools.gnu-tools-for-stm32.11.3.rel1.win32_1.1.1.202309131626/tools/bin/../lib/gcc/arm-none-eabi/11.3.1/../../../../arm-none-eabi/lib/thumb/v7-m/nofp\libc_nano.a(libc_a-mprec.o)
                0x0000000008009578                _Bfree
 .text.__multadd
                0x00000000080095bc       0x8c C:/ST/STM32CubeIDE_1.13.2/STM32CubeIDE/plugins/com.st.stm32cube.ide.mcu.externaltools.gnu-tools-for-stm32.11.3.rel1.win32_1.1.1.202309131626/tools/bin/../lib/gcc/arm-none-eabi/11.3.1/../../../../arm-none-eabi/lib/thumb/v7-m/nofp\libc_nano.a(libc_a-mprec.o)
                0x00000000080095bc                __multadd
 .text.__hi0bits
                0x0000000008009648       0x40 C:/ST/STM32CubeIDE_1.13.2/STM32CubeIDE/plugins/com.st.stm32cube.ide.mcu.externaltools.gnu-tools-for-stm32.11.3.rel1.win32_1.1.1.202309131626/tools/bin/../lib/gcc/arm-none-eabi/11.3.1/../../../../arm-none-eabi/lib/thumb/v7-m/nofp\libc_nano.a(libc_a-mprec.o)
                0x0000000008009648                __hi0bits
 .text.__lo0bits
                0x0000000008009688       0x5a C:/ST/STM32CubeIDE_1.13.2/STM32CubeIDE/plugins/com.st.stm32cube.ide.mcu.externaltools.gnu-tools-for-stm32.11.3.rel1.win32_1.1.1.202309131626/tools/bin/../lib/gcc/arm-none-eabi/11.3.1/../../../../arm-none-eabi/lib/thumb/v7-m/nofp\libc_nano.a(libc_a-mprec.o)
                0x0000000008009688                __lo0bits
 *fill*         0x00000000080096e2        0x2 
 .text.__i2b    0x00000000080096e4       0x2c C:/ST/STM32CubeIDE_1.13.2/STM32CubeIDE/plugins/com.st.stm32cube.ide.mcu.externaltools.gnu-tools-for-stm32.11.3.rel1.win32_1.1.1.202309131626/tools/bin/../lib/gcc/arm-none-eabi/11.3.1/../../../../arm-none-eabi/lib/thumb/v7-m/nofp\libc_nano.a(libc_a-mprec.o)
                0x00000000080096e4                __i2b
 .text.__multiply
                0x0000000008009710      0x150 C:/ST/STM32CubeIDE_1.13.2/STM32CubeIDE/plugins/com.st.stm32cube.ide.mcu.externaltools.gnu-tools-for-stm32.11.3.rel1.win32_1.1.1.202309131626/tools/bin/../lib/gcc/arm-none-eabi/11.3.1/../../../../arm-none-eabi/lib/thumb/v7-m/nofp\libc_nano.a(libc_a-mprec.o)
                0x0000000008009710                __multiply
 .text.__pow5mult
                0x0000000008009860       0xb4 C:/ST/STM32CubeIDE_1.13.2/STM32CubeIDE/plugins/com.st.stm32cube.ide.mcu.externaltools.gnu-tools-for-stm32.11.3.rel1.win32_1.1.1.202309131626/tools/bin/../lib/gcc/arm-none-eabi/11.3.1/../../../../arm-none-eabi/lib/thumb/v7-m/nofp\libc_nano.a(libc_a-mprec.o)
                0x0000000008009860                __pow5mult
 .text.__lshift
                0x0000000008009914       0xd8 C:/ST/STM32CubeIDE_1.13.2/STM32CubeIDE/plugins/com.st.stm32cube.ide.mcu.externaltools.gnu-tools-for-stm32.11.3.rel1.win32_1.1.1.202309131626/tools/bin/../lib/gcc/arm-none-eabi/11.3.1/../../../../arm-none-eabi/lib/thumb/v7-m/nofp\libc_nano.a(libc_a-mprec.o)
                0x0000000008009914                __lshift
 .text.__mcmp   0x00000000080099ec       0x36 C:/ST/STM32CubeIDE_1.13.2/STM32CubeIDE/plugins/com.st.stm32cube.ide.mcu.externaltools.gnu-tools-for-stm32.11.3.rel1.win32_1.1.1.202309131626/tools/bin/../lib/gcc/arm-none-eabi/11.3.1/../../../../arm-none-eabi/lib/thumb/v7-m/nofp\libc_nano.a(libc_a-mprec.o)
                0x00000000080099ec                __mcmp
 *fill*         0x0000000008009a22        0x2 
 .text.__mdiff  0x0000000008009a24      0x118 C:/ST/STM32CubeIDE_1.13.2/STM32CubeIDE/plugins/com.st.stm32cube.ide.mcu.externaltools.gnu-tools-for-stm32.11.3.rel1.win32_1.1.1.202309131626/tools/bin/../lib/gcc/arm-none-eabi/11.3.1/../../../../arm-none-eabi/lib/thumb/v7-m/nofp\libc_nano.a(libc_a-mprec.o)
                0x0000000008009a24                __mdiff
 .text.__d2b    0x0000000008009b3c       0xac C:/ST/STM32CubeIDE_1.13.2/STM32CubeIDE/plugins/com.st.stm32cube.ide.mcu.externaltools.gnu-tools-for-stm32.11.3.rel1.win32_1.1.1.202309131626/tools/bin/../lib/gcc/arm-none-eabi/11.3.1/../../../../arm-none-eabi/lib/thumb/v7-m/nofp\libc_nano.a(libc_a-mprec.o)
                0x0000000008009b3c                __d2b
 .text.__ssputs_r
                0x0000000008009be8       0xb4 C:/ST/STM32CubeIDE_1.13.2/STM32CubeIDE/plugins/com.st.stm32cube.ide.mcu.externaltools.gnu-tools-for-stm32.11.3.rel1.win32_1.1.1.202309131626/tools/bin/../lib/gcc/arm-none-eabi/11.3.1/../../../../arm-none-eabi/lib/thumb/v7-m/nofp\libc_nano.a(libc_a-nano-svfprintf.o)
                0x0000000008009be8                __ssputs_r
 .text._svfprintf_r
                0x0000000008009c9c      0x1fc C:/ST/STM32CubeIDE_1.13.2/STM32CubeIDE/plugins/com.st.stm32cube.ide.mcu.externaltools.gnu-tools-for-stm32.11.3.rel1.win32_1.1.1.202309131626/tools/bin/../lib/gcc/arm-none-eabi/11.3.1/../../../../arm-none-eabi/lib/thumb/v7-m/nofp\libc_nano.a(libc_a-nano-svfprintf.o)
                0x0000000008009c9c                _svfiprintf_r
                0x0000000008009c9c                _svfprintf_r
 .text.__sfputc_r
                0x0000000008009e98       0x2a C:/ST/STM32CubeIDE_1.13.2/STM32CubeIDE/plugins/com.st.stm32cube.ide.mcu.externaltools.gnu-tools-for-stm32.11.3.rel1.win32_1.1.1.202309131626/tools/bin/../lib/gcc/arm-none-eabi/11.3.1/../../../../arm-none-eabi/lib/thumb/v7-m/nofp\libc_nano.a(libc_a-nano-vfprintf.o)
 .text.__sfputs_r
                0x0000000008009ec2       0x24 C:/ST/STM32CubeIDE_1.13.2/STM32CubeIDE/plugins/com.st.stm32cube.ide.mcu.externaltools.gnu-tools-for-stm32.11.3.rel1.win32_1.1.1.202309131626/tools/bin/../lib/gcc/arm-none-eabi/11.3.1/../../../../arm-none-eabi/lib/thumb/v7-m/nofp\libc_nano.a(libc_a-nano-vfprintf.o)
                0x0000000008009ec2                __sfputs_r
 *fill*         0x0000000008009ee6        0x2 
 .text._vfprintf_r
                0x0000000008009ee8      0x234 C:/ST/STM32CubeIDE_1.13.2/STM32CubeIDE/plugins/com.st.stm32cube.ide.mcu.externaltools.gnu-tools-for-stm32.11.3.rel1.win32_1.1.1.202309131626/tools/bin/../lib/gcc/arm-none-eabi/11.3.1/../../../../arm-none-eabi/lib/thumb/v7-m/nofp\libc_nano.a(libc_a-nano-vfprintf.o)
                0x0000000008009ee8                _vfprintf_r
                0x0000000008009ee8                _vfiprintf_r
 .text.__sflush_r
                0x000000000800a11c      0x104 C:/ST/STM32CubeIDE_1.13.2/STM32CubeIDE/plugins/com.st.stm32cube.ide.mcu.externaltools.gnu-tools-for-stm32.11.3.rel1.win32_1.1.1.202309131626/tools/bin/../lib/gcc/arm-none-eabi/11.3.1/../../../../arm-none-eabi/lib/thumb/v7-m/nofp\libc_nano.a(libc_a-fflush.o)
                0x000000000800a11c                __sflush_r
 .text._fflush_r
                0x000000000800a220       0x50 C:/ST/STM32CubeIDE_1.13.2/STM32CubeIDE/plugins/com.st.stm32cube.ide.mcu.externaltools.gnu-tools-for-stm32.11.3.rel1.win32_1.1.1.202309131626/tools/bin/../lib/gcc/arm-none-eabi/11.3.1/../../../../arm-none-eabi/lib/thumb/v7-m/nofp\libc_nano.a(libc_a-fflush.o)
                0x000000000800a220                _fflush_r
 .text.fprintf  0x000000000800a270       0x24 C:/ST/STM32CubeIDE_1.13.2/STM32CubeIDE/plugins/com.st.stm32cube.ide.mcu.externaltools.gnu-tools-for-stm32.11.3.rel1.win32_1.1.1.202309131626/tools/bin/../lib/gcc/arm-none-eabi/11.3.1/../../../../arm-none-eabi/lib/thumb/v7-m/nofp\libc_nano.a(libc_a-fprintf.o)
                0x000000000800a270                fiprintf
                0x000000000800a270                fprintf
 .text.__swhatbuf_r
                0x000000000800a294       0x4a C:/ST/STM32CubeIDE_1.13.2/STM32CubeIDE/plugins/com.st.stm32cube.ide.mcu.externaltools.gnu-tools-for-stm32.11.3.rel1.win32_1.1.1.202309131626/tools/bin/../lib/gcc/arm-none-eabi/11.3.1/../../../../arm-none-eabi/lib/thumb/v7-m/nofp\libc_nano.a(libc_a-makebuf.o)
                0x000000000800a294                __swhatbuf_r
 .text.__smakebuf_r
                0x000000000800a2de       0x78 C:/ST/STM32CubeIDE_1.13.2/STM32CubeIDE/plugins/com.st.stm32cube.ide.mcu.externaltools.gnu-tools-for-stm32.11.3.rel1.win32_1.1.1.202309131626/tools/bin/../lib/gcc/arm-none-eabi/11.3.1/../../../../arm-none-eabi/lib/thumb/v7-m/nofp\libc_nano.a(libc_a-makebuf.o)
                0x000000000800a2de                __smakebuf_r
 .text.memmove  0x000000000800a356       0x34 C:/ST/STM32CubeIDE_1.13.2/STM32CubeIDE/plugins/com.st.stm32cube.ide.mcu.externaltools.gnu-tools-for-stm32.11.3.rel1.win32_1.1.1.202309131626/tools/bin/../lib/gcc/arm-none-eabi/11.3.1/../../../../arm-none-eabi/lib/thumb/v7-m/nofp\libc_nano.a(libc_a-memmove.o)
                0x000000000800a356                memmove
 *fill*         0x000000000800a38a        0x2 
 .text._fstat_r
                0x000000000800a38c       0x24 C:/ST/STM32CubeIDE_1.13.2/STM32CubeIDE/plugins/com.st.stm32cube.ide.mcu.externaltools.gnu-tools-for-stm32.11.3.rel1.win32_1.1.1.202309131626/tools/bin/../lib/gcc/arm-none-eabi/11.3.1/../../../../arm-none-eabi/lib/thumb/v7-m/nofp\libc_nano.a(libc_a-fstatr.o)
                0x000000000800a38c                _fstat_r
 .text._isatty_r
                0x000000000800a3b0       0x20 C:/ST/STM32CubeIDE_1.13.2/STM32CubeIDE/plugins/com.st.stm32cube.ide.mcu.externaltools.gnu-tools-for-stm32.11.3.rel1.win32_1.1.1.202309131626/tools/bin/../lib/gcc/arm-none-eabi/11.3.1/../../../../arm-none-eabi/lib/thumb/v7-m/nofp\libc_nano.a(libc_a-isattyr.o)
                0x000000000800a3b0                _isatty_r
 .text.abort    0x000000000800a3d0        0xe C:/ST/STM32CubeIDE_1.13.2/STM32CubeIDE/plugins/com.st.stm32cube.ide.mcu.externaltools.gnu-tools-for-stm32.11.3.rel1.win32_1.1.1.202309131626/tools/bin/../lib/gcc/arm-none-eabi/11.3.1/../../../../arm-none-eabi/lib/thumb/v7-m/nofp\libc_nano.a(libc_a-abort.o)
                0x000000000800a3d0                abort
 .text._calloc_r
                0x000000000800a3de       0x28 C:/ST/STM32CubeIDE_1.13.2/STM32CubeIDE/plugins/com.st.stm32cube.ide.mcu.externaltools.gnu-tools-for-stm32.11.3.rel1.win32_1.1.1.202309131626/tools/bin/../lib/gcc/arm-none-eabi/11.3.1/../../../../arm-none-eabi/lib/thumb/v7-m/nofp\libc_nano.a(libc_a-callocr.o)
                0x000000000800a3de                _calloc_r
 .text.__ascii_mbtowc
                0x000000000800a406       0x24 C:/ST/STM32CubeIDE_1.13.2/STM32CubeIDE/plugins/com.st.stm32cube.ide.mcu.externaltools.gnu-tools-for-stm32.11.3.rel1.win32_1.1.1.202309131626/tools/bin/../lib/gcc/arm-none-eabi/11.3.1/../../../../arm-none-eabi/lib/thumb/v7-m/nofp\libc_nano.a(libc_a-mbtowc_r.o)
                0x000000000800a406                __ascii_mbtowc
 .text._realloc_r
                0x000000000800a42a       0x5e C:/ST/STM32CubeIDE_1.13.2/STM32CubeIDE/plugins/com.st.stm32cube.ide.mcu.externaltools.gnu-tools-for-stm32.11.3.rel1.win32_1.1.1.202309131626/tools/bin/../lib/gcc/arm-none-eabi/11.3.1/../../../../arm-none-eabi/lib/thumb/v7-m/nofp\libc_nano.a(libc_a-reallocr.o)
                0x000000000800a42a                _realloc_r
 .text.__ascii_wctomb
                0x000000000800a488       0x1a C:/ST/STM32CubeIDE_1.13.2/STM32CubeIDE/plugins/com.st.stm32cube.ide.mcu.externaltools.gnu-tools-for-stm32.11.3.rel1.win32_1.1.1.202309131626/tools/bin/../lib/gcc/arm-none-eabi/11.3.1/../../../../arm-none-eabi/lib/thumb/v7-m/nofp\libc_nano.a(libc_a-wctomb_r.o)
                0x000000000800a488                __ascii_wctomb
 .text._raise_r
                0x000000000800a4a2       0x50 C:/ST/STM32CubeIDE_1.13.2/STM32CubeIDE/plugins/com.st.stm32cube.ide.mcu.externaltools.gnu-tools-for-stm32.11.3.rel1.win32_1.1.1.202309131626/tools/bin/../lib/gcc/arm-none-eabi/11.3.1/../../../../arm-none-eabi/lib/thumb/v7-m/nofp\libc_nano.a(libc_a-signal.o)
                0x000000000800a4a2                _raise_r
 *fill*         0x000000000800a4f2        0x2 
 .text.raise    0x000000000800a4f4       0x10 C:/ST/STM32CubeIDE_1.13.2/STM32CubeIDE/plugins/com.st.stm32cube.ide.mcu.externaltools.gnu-tools-for-stm32.11.3.rel1.win32_1.1.1.202309131626/tools/bin/../lib/gcc/arm-none-eabi/11.3.1/../../../../arm-none-eabi/lib/thumb/v7-m/nofp\libc_nano.a(libc_a-signal.o)
                0x000000000800a4f4                raise
 .text._kill_r  0x000000000800a504       0x24 C:/ST/STM32CubeIDE_1.13.2/STM32CubeIDE/plugins/com.st.stm32cube.ide.mcu.externaltools.gnu-tools-for-stm32.11.3.rel1.win32_1.1.1.202309131626/tools/bin/../lib/gcc/arm-none-eabi/11.3.1/../../../../arm-none-eabi/lib/thumb/v7-m/nofp\libc_nano.a(libc_a-signalr.o)
                0x000000000800a504                _kill_r
 .text._getpid_r
                0x000000000800a528        0x4 C:/ST/STM32CubeIDE_1.13.2/STM32CubeIDE/plugins/com.st.stm32cube.ide.mcu.externaltools.gnu-tools-for-stm32.11.3.rel1.win32_1.1.1.202309131626/tools/bin/../lib/gcc/arm-none-eabi/11.3.1/../../../../arm-none-eabi/lib/thumb/v7-m/nofp\libc_nano.a(libc_a-signalr.o)
                0x000000000800a528                _getpid_r
 .text._malloc_usable_size_r
                0x000000000800a52c       0x10 C:/ST/STM32CubeIDE_1.13.2/STM32CubeIDE/plugins/com.st.stm32cube.ide.mcu.externaltools.gnu-tools-for-stm32.11.3.rel1.win32_1.1.1.202309131626/tools/bin/../lib/gcc/arm-none-eabi/11.3.1/../../../../arm-none-eabi/lib/thumb/v7-m/nofp\libc_nano.a(libc_a-msizer.o)
                0x000000000800a52c                _malloc_usable_size_r
 *(.glue_7)
 .glue_7        0x000000000800a53c        0x0 linker stubs
 *(.glue_7t)
 .glue_7t       0x000000000800a53c        0x0 linker stubs
 *(.eh_frame)
 .eh_frame      0x000000000800a53c        0x0 C:/ST/STM32CubeIDE_1.13.2/STM32CubeIDE/plugins/com.st.stm32cube.ide.mcu.externaltools.gnu-tools-for-stm32.11.3.rel1.win32_1.1.1.202309131626/tools/bin/../lib/gcc/arm-none-eabi/11.3.1/thumb/v7-m/nofp/crtbegin.o
 *(.init)
 .init          0x000000000800a53c        0x4 C:/ST/STM32CubeIDE_1.13.2/STM32CubeIDE/plugins/com.st.stm32cube.ide.mcu.externaltools.gnu-tools-for-stm32.11.3.rel1.win32_1.1.1.202309131626/tools/bin/../lib/gcc/arm-none-eabi/11.3.1/thumb/v7-m/nofp/crti.o
                0x000000000800a53c                _init
 .init          0x000000000800a540        0x8 C:/ST/STM32CubeIDE_1.13.2/STM32CubeIDE/plugins/com.st.stm32cube.ide.mcu.externaltools.gnu-tools-for-stm32.11.3.rel1.win32_1.1.1.202309131626/tools/bin/../lib/gcc/arm-none-eabi/11.3.1/thumb/v7-m/nofp/crtn.o
 *(.fini)
 .fini          0x000000000800a548        0x4 C:/ST/STM32CubeIDE_1.13.2/STM32CubeIDE/plugins/com.st.stm32cube.ide.mcu.externaltools.gnu-tools-for-stm32.11.3.rel1.win32_1.1.1.202309131626/tools/bin/../lib/gcc/arm-none-eabi/11.3.1/thumb/v7-m/nofp/crti.o
                0x000000000800a548                _fini
 .fini          0x000000000800a54c        0x8 C:/ST/STM32CubeIDE_1.13.2/STM32CubeIDE/plugins/com.st.stm32cube.ide.mcu.externaltools.gnu-tools-for-stm32.11.3.rel1.win32_1.1.1.202309131626/tools/bin/../lib/gcc/arm-none-eabi/11.3.1/thumb/v7-m/nofp/crtn.o
                0x000000000800a554                . = ALIGN (0x4)
                0x000000000800a554                _etext = .

.vfp11_veneer   0x000000000800a554        0x0
 .vfp11_veneer  0x000000000800a554        0x0 linker stubs

.v4_bx          0x000000000800a554        0x0
 .v4_bx         0x000000000800a554        0x0 linker stubs

.iplt           0x000000000800a554        0x0
 .iplt          0x000000000800a554        0x0 C:/ST/STM32CubeIDE_1.13.2/STM32CubeIDE/plugins/com.st.stm32cube.ide.mcu.externaltools.gnu-tools-for-stm32.11.3.rel1.win32_1.1.1.202309131626/tools/bin/../lib/gcc/arm-none-eabi/11.3.1/thumb/v7-m/nofp/crtbegin.o

.rodata         0x000000000800a558      0x640
                0x000000000800a558                . = ALIGN (0x4)
 *(.rodata)
 .rodata        0x000000000800a558      0x1cb ./Core/Src/main.o
 *fill*         0x000000000800a723        0x1 
 .rodata        0x000000000800a724       0x50 ./Drivers/wiznet/w5500_spi.o
 .rodata        0x000000000800a774       0x58 ./ioLibrary_Driver/Internet/MQTT/MQTTClient.o
 .rodata        0x000000000800a7cc        0xf ./ioLibrary_Driver/Internet/MQTT/MQTTPacket/src/MQTTConnectClient.o
 *(.rodata*)
 *fill*         0x000000000800a7db        0x1 
 .rodata.URL    0x000000000800a7dc       0x13 ./Core/Src/main.o
                0x000000000800a7dc                URL
 *fill*         0x000000000800a7ef        0x1 
 .rodata.MQTT_TOPIC
                0x000000000800a7f0        0x6 ./Core/Src/main.o
                0x000000000800a7f0                MQTT_TOPIC
 *fill*         0x000000000800a7f6        0x2 
 .rodata.AHBPrescTable
                0x000000000800a7f8       0x10 ./Core/Src/system_stm32f1xx.o
                0x000000000800a7f8                AHBPrescTable
 .rodata.APBPrescTable
                0x000000000800a808        0x8 ./Core/Src/system_stm32f1xx.o
                0x000000000800a808                APBPrescTable
 .rodata.aPLLMULFactorTable.1
                0x000000000800a810       0x10 ./Drivers/STM32F1xx_HAL_Driver/Src/stm32f1xx_hal_rcc.o
 .rodata.aPredivFactorTable.0
                0x000000000800a820        0x2 ./Drivers/STM32F1xx_HAL_Driver/Src/stm32f1xx_hal_rcc.o
 .rodata._ctype_
                0x000000000800a822      0x101 C:/ST/STM32CubeIDE_1.13.2/STM32CubeIDE/plugins/com.st.stm32cube.ide.mcu.externaltools.gnu-tools-for-stm32.11.3.rel1.win32_1.1.1.202309131626/tools/bin/../lib/gcc/arm-none-eabi/11.3.1/../../../../arm-none-eabi/lib/thumb/v7-m/nofp\libc_nano.a(libc_a-ctype_.o)
                0x000000000800a822                _ctype_
 .rodata._printf_float.str1.1
                0x000000000800a923       0x12 C:/ST/STM32CubeIDE_1.13.2/STM32CubeIDE/plugins/com.st.stm32cube.ide.mcu.externaltools.gnu-tools-for-stm32.11.3.rel1.win32_1.1.1.202309131626/tools/bin/../lib/gcc/arm-none-eabi/11.3.1/../../../../arm-none-eabi/lib/thumb/v7-m/nofp\libc_nano.a(libc_a-nano-vfprintf_float.o)
 .rodata._printf_i.str1.1
                0x000000000800a935       0x22 C:/ST/STM32CubeIDE_1.13.2/STM32CubeIDE/plugins/com.st.stm32cube.ide.mcu.externaltools.gnu-tools-for-stm32.11.3.rel1.win32_1.1.1.202309131626/tools/bin/../lib/gcc/arm-none-eabi/11.3.1/../../../../arm-none-eabi/lib/thumb/v7-m/nofp\libc_nano.a(libc_a-nano-vfprintf_i.o)
 .rodata.__assert_func.str1.1
                0x000000000800a957       0x3c C:/ST/STM32CubeIDE_1.13.2/STM32CubeIDE/plugins/com.st.stm32cube.ide.mcu.externaltools.gnu-tools-for-stm32.11.3.rel1.win32_1.1.1.202309131626/tools/bin/../lib/gcc/arm-none-eabi/11.3.1/../../../../arm-none-eabi/lib/thumb/v7-m/nofp\libc_nano.a(libc_a-assert.o)
                                         0x3d (size before relaxing)
 .rodata._dtoa_r.str1.1
                0x000000000800a993       0x8d C:/ST/STM32CubeIDE_1.13.2/STM32CubeIDE/plugins/com.st.stm32cube.ide.mcu.externaltools.gnu-tools-for-stm32.11.3.rel1.win32_1.1.1.202309131626/tools/bin/../lib/gcc/arm-none-eabi/11.3.1/../../../../arm-none-eabi/lib/thumb/v7-m/nofp\libc_nano.a(libc_a-dtoa.o)
                                         0x8f (size before relaxing)
 .rodata._Balloc.str1.1
                0x000000000800aa20       0x59 C:/ST/STM32CubeIDE_1.13.2/STM32CubeIDE/plugins/com.st.stm32cube.ide.mcu.externaltools.gnu-tools-for-stm32.11.3.rel1.win32_1.1.1.202309131626/tools/bin/../lib/gcc/arm-none-eabi/11.3.1/../../../../arm-none-eabi/lib/thumb/v7-m/nofp\libc_nano.a(libc_a-mprec.o)
                                         0x70 (size before relaxing)
 .rodata.__multadd.str1.1
                0x000000000800aa79       0x11 C:/ST/STM32CubeIDE_1.13.2/STM32CubeIDE/plugins/com.st.stm32cube.ide.mcu.externaltools.gnu-tools-for-stm32.11.3.rel1.win32_1.1.1.202309131626/tools/bin/../lib/gcc/arm-none-eabi/11.3.1/../../../../arm-none-eabi/lib/thumb/v7-m/nofp\libc_nano.a(libc_a-mprec.o)
 *fill*         0x000000000800aa79        0x7 
 .rodata.__mprec_bigtens
                0x000000000800aa80       0x28 C:/ST/STM32CubeIDE_1.13.2/STM32CubeIDE/plugins/com.st.stm32cube.ide.mcu.externaltools.gnu-tools-for-stm32.11.3.rel1.win32_1.1.1.202309131626/tools/bin/../lib/gcc/arm-none-eabi/11.3.1/../../../../arm-none-eabi/lib/thumb/v7-m/nofp\libc_nano.a(libc_a-mprec.o)
                0x000000000800aa80                __mprec_bigtens
 .rodata.__mprec_tens
                0x000000000800aaa8       0xc8 C:/ST/STM32CubeIDE_1.13.2/STM32CubeIDE/plugins/com.st.stm32cube.ide.mcu.externaltools.gnu-tools-for-stm32.11.3.rel1.win32_1.1.1.202309131626/tools/bin/../lib/gcc/arm-none-eabi/11.3.1/../../../../arm-none-eabi/lib/thumb/v7-m/nofp\libc_nano.a(libc_a-mprec.o)
                0x000000000800aaa8                __mprec_tens
 .rodata.p05.0  0x000000000800ab70        0xc C:/ST/STM32CubeIDE_1.13.2/STM32CubeIDE/plugins/com.st.stm32cube.ide.mcu.externaltools.gnu-tools-for-stm32.11.3.rel1.win32_1.1.1.202309131626/tools/bin/../lib/gcc/arm-none-eabi/11.3.1/../../../../arm-none-eabi/lib/thumb/v7-m/nofp\libc_nano.a(libc_a-mprec.o)
 .rodata._svfprintf_r.str1.1
                0x000000000800ab7c       0x11 C:/ST/STM32CubeIDE_1.13.2/STM32CubeIDE/plugins/com.st.stm32cube.ide.mcu.externaltools.gnu-tools-for-stm32.11.3.rel1.win32_1.1.1.202309131626/tools/bin/../lib/gcc/arm-none-eabi/11.3.1/../../../../arm-none-eabi/lib/thumb/v7-m/nofp\libc_nano.a(libc_a-nano-svfprintf.o)
 .rodata._vfprintf_r.str1.1
                0x000000000800ab8d       0x11 C:/ST/STM32CubeIDE_1.13.2/STM32CubeIDE/plugins/com.st.stm32cube.ide.mcu.externaltools.gnu-tools-for-stm32.11.3.rel1.win32_1.1.1.202309131626/tools/bin/../lib/gcc/arm-none-eabi/11.3.1/../../../../arm-none-eabi/lib/thumb/v7-m/nofp\libc_nano.a(libc_a-nano-vfprintf.o)
 .rodata._setlocale_r.str1.1
                0x000000000800ab8d        0x8 C:/ST/STM32CubeIDE_1.13.2/STM32CubeIDE/plugins/com.st.stm32cube.ide.mcu.externaltools.gnu-tools-for-stm32.11.3.rel1.win32_1.1.1.202309131626/tools/bin/../lib/gcc/arm-none-eabi/11.3.1/../../../../arm-none-eabi/lib/thumb/v7-m/nofp\libc_nano.a(libc_a-locale.o)
                                          0x9 (size before relaxing)
 .rodata.str1.1
                0x000000000800ab95        0x2 C:/ST/STM32CubeIDE_1.13.2/STM32CubeIDE/plugins/com.st.stm32cube.ide.mcu.externaltools.gnu-tools-for-stm32.11.3.rel1.win32_1.1.1.202309131626/tools/bin/../lib/gcc/arm-none-eabi/11.3.1/../../../../arm-none-eabi/lib/thumb/v7-m/nofp\libc_nano.a(libc_a-locale.o)
                0x000000000800aba0                . = ALIGN (0x4)
 *fill*         0x000000000800ab97        0x1 

.rel.dyn        0x000000000800ab98        0x0
 .rel.iplt      0x000000000800ab98        0x0 C:/ST/STM32CubeIDE_1.13.2/STM32CubeIDE/plugins/com.st.stm32cube.ide.mcu.externaltools.gnu-tools-for-stm32.11.3.rel1.win32_1.1.1.202309131626/tools/bin/../lib/gcc/arm-none-eabi/11.3.1/thumb/v7-m/nofp/crtbegin.o

.ARM.extab      0x000000000800ab98        0x0
                0x000000000800ab98                . = ALIGN (0x4)
 *(.ARM.extab* .gnu.linkonce.armextab.*)
                0x000000000800ab98                . = ALIGN (0x4)

.ARM            0x000000000800ab98        0x0
                0x000000000800ab98                . = ALIGN (0x4)
                0x000000000800ab98                __exidx_start = .
 *(.ARM.exidx*)
                0x000000000800ab98                __exidx_end = .
                0x000000000800ab98                . = ALIGN (0x4)

.preinit_array  0x000000000800ab98        0x0
                0x000000000800ab98                . = ALIGN (0x4)
                0x000000000800ab98                PROVIDE (__preinit_array_start = .)
 *(.preinit_array*)
                0x000000000800ab98                PROVIDE (__preinit_array_end = .)
                0x000000000800ab98                . = ALIGN (0x4)

.init_array     0x000000000800ab98        0x4
                0x000000000800ab98                . = ALIGN (0x4)
                0x000000000800ab98                PROVIDE (__init_array_start = .)
 *(SORT_BY_NAME(.init_array.*))
 *(.init_array*)
 .init_array    0x000000000800ab98        0x4 C:/ST/STM32CubeIDE_1.13.2/STM32CubeIDE/plugins/com.st.stm32cube.ide.mcu.externaltools.gnu-tools-for-stm32.11.3.rel1.win32_1.1.1.202309131626/tools/bin/../lib/gcc/arm-none-eabi/11.3.1/thumb/v7-m/nofp/crtbegin.o
                0x000000000800ab9c                PROVIDE (__init_array_end = .)
                0x000000000800ab9c                . = ALIGN (0x4)

.fini_array     0x000000000800ab9c        0x4
                0x000000000800ab9c                . = ALIGN (0x4)
                [!provide]                        PROVIDE (__fini_array_start = .)
 *(SORT_BY_NAME(.fini_array.*))
 *(.fini_array*)
 .fini_array    0x000000000800ab9c        0x4 C:/ST/STM32CubeIDE_1.13.2/STM32CubeIDE/plugins/com.st.stm32cube.ide.mcu.externaltools.gnu-tools-for-stm32.11.3.rel1.win32_1.1.1.202309131626/tools/bin/../lib/gcc/arm-none-eabi/11.3.1/thumb/v7-m/nofp/crtbegin.o
                [!provide]                        PROVIDE (__fini_array_end = .)
                0x000000000800aba0                . = ALIGN (0x4)
                0x000000000800aba0                _sidata = LOADADDR (.data)

.data           0x0000000020000000      0x244 load address 0x000000000800aba0
                0x0000000020000000                . = ALIGN (0x4)
                0x0000000020000000                _sdata = .
 *(.data)
 *(.data*)
 .data.gWIZNETINFO
                0x0000000020000000       0x17 ./Core/Src/main.o
                0x0000000020000000                gWIZNETINFO
 *fill*         0x0000000020000017        0x1 
 .data.dns_server_ip
                0x0000000020000018        0x4 ./Core/Src/main.o
                0x0000000020000018                dns_server_ip
 .data.targetPort
                0x000000002000001c        0x4 ./Core/Src/main.o
                0x000000002000001c                targetPort
 .data.opts     0x0000000020000020       0x24 ./Core/Src/main.o
                0x0000000020000020                opts
 .data.SystemCoreClock
                0x0000000020000044        0x4 ./Core/Src/system_stm32f1xx.o
                0x0000000020000044                SystemCoreClock
 .data.uwTickPrio
                0x0000000020000048        0x4 ./Drivers/STM32F1xx_HAL_Driver/Src/stm32f1xx_hal.o
                0x0000000020000048                uwTickPrio
 .data.uwTickFreq
                0x000000002000004c        0x1 ./Drivers/STM32F1xx_HAL_Driver/Src/stm32f1xx_hal.o
                0x000000002000004c                uwTickFreq
 *fill*         0x000000002000004d        0x1 
 .data.sock_any_port
                0x000000002000004e        0x2 ./ioLibrary_Driver/Ethernet/socket.o
 .data.WIZCHIP  0x0000000020000050       0x2c ./ioLibrary_Driver/Ethernet/wizchip_conf.o
                0x0000000020000050                WIZCHIP
 .data.__sglue  0x000000002000007c        0xc C:/ST/STM32CubeIDE_1.13.2/STM32CubeIDE/plugins/com.st.stm32cube.ide.mcu.externaltools.gnu-tools-for-stm32.11.3.rel1.win32_1.1.1.202309131626/tools/bin/../lib/gcc/arm-none-eabi/11.3.1/../../../../arm-none-eabi/lib/thumb/v7-m/nofp\libc_nano.a(libc_a-findfp.o)
                0x000000002000007c                __sglue
 .data._impure_data
                0x0000000020000088       0x4c C:/ST/STM32CubeIDE_1.13.2/STM32CubeIDE/plugins/com.st.stm32cube.ide.mcu.externaltools.gnu-tools-for-stm32.11.3.rel1.win32_1.1.1.202309131626/tools/bin/../lib/gcc/arm-none-eabi/11.3.1/../../../../arm-none-eabi/lib/thumb/v7-m/nofp\libc_nano.a(libc_a-impure.o)
                0x0000000020000088                _impure_data
 .data._impure_ptr